Archive member included to satisfy reference by file (symbol)

/usr/lib/gcc/arm-none-eabi/4.9.3/../../../arm-none-eabi/lib/armv7e-m/fpu/libc_nano.a(lib_a-atoi.o)
                              obj/main/SPRACINGF3/io/ledstrip.o (symbol from plugin) (atoi)
/usr/lib/gcc/arm-none-eabi/4.9.3/../../../arm-none-eabi/lib/armv7e-m/fpu/libc_nano.a(lib_a-ctype_.o)
                              obj/main/SPRACINGF3/flight/gps_conversion.o (symbol from plugin) (__ctype_ptr__)
/usr/lib/gcc/arm-none-eabi/4.9.3/../../../arm-none-eabi/lib/armv7e-m/fpu/libc_nano.a(lib_a-strtok.o)
                              obj/main/SPRACINGF3/io/serial_cli.o (symbol from plugin) (strtok)
/usr/lib/gcc/arm-none-eabi/4.9.3/../../../arm-none-eabi/lib/armv7e-m/fpu/libc_nano.a(lib_a-strtok_r.o)
                              /usr/lib/gcc/arm-none-eabi/4.9.3/../../../arm-none-eabi/lib/armv7e-m/fpu/libc_nano.a(lib_a-strtok.o) (__strtok_r)
/usr/lib/gcc/arm-none-eabi/4.9.3/../../../arm-none-eabi/lib/armv7e-m/fpu/libc_nano.a(lib_a-strtol.o)
                              /usr/lib/gcc/arm-none-eabi/4.9.3/../../../arm-none-eabi/lib/armv7e-m/fpu/libc_nano.a(lib_a-atoi.o) (_strtol_r)
/usr/lib/gcc/arm-none-eabi/4.9.3/../../../arm-none-eabi/lib/armv7e-m/fpu/libc_nano.a(lib_a-impure.o)
                              /usr/lib/gcc/arm-none-eabi/4.9.3/../../../arm-none-eabi/lib/armv7e-m/fpu/libc_nano.a(lib_a-strtok.o) (_impure_ptr)
/usr/lib/gcc/arm-none-eabi/4.9.3/../../../arm-none-eabi/lib/armv7e-m/fpu/libc_nano.a(lib_a-malloc.o)
                              /usr/lib/gcc/arm-none-eabi/4.9.3/../../../arm-none-eabi/lib/armv7e-m/fpu/libc_nano.a(lib_a-strtok.o) (malloc)
/usr/lib/gcc/arm-none-eabi/4.9.3/../../../arm-none-eabi/lib/armv7e-m/fpu/libc_nano.a(lib_a-nano-freer.o)
                              /usr/lib/gcc/arm-none-eabi/4.9.3/../../../arm-none-eabi/lib/armv7e-m/fpu/libc_nano.a(lib_a-malloc.o) (_free_r)
/usr/lib/gcc/arm-none-eabi/4.9.3/../../../arm-none-eabi/lib/armv7e-m/fpu/libc_nano.a(lib_a-nano-mallocr.o)
                              /usr/lib/gcc/arm-none-eabi/4.9.3/../../../arm-none-eabi/lib/armv7e-m/fpu/libc_nano.a(lib_a-malloc.o) (_malloc_r)
/usr/lib/gcc/arm-none-eabi/4.9.3/../../../arm-none-eabi/lib/armv7e-m/fpu/libc_nano.a(lib_a-sbrkr.o)
                              /usr/lib/gcc/arm-none-eabi/4.9.3/../../../arm-none-eabi/lib/armv7e-m/fpu/libc_nano.a(lib_a-nano-mallocr.o) (_sbrk_r)
/usr/lib/gcc/arm-none-eabi/4.9.3/../../../arm-none-eabi/lib/armv7e-m/fpu/libc_nano.a(lib_a-reent.o)
                              /usr/lib/gcc/arm-none-eabi/4.9.3/../../../arm-none-eabi/lib/armv7e-m/fpu/libc_nano.a(lib_a-sbrkr.o) (errno)
/usr/lib/gcc/arm-none-eabi/4.9.3/../../../arm-none-eabi/lib/armv7e-m/fpu/libnosys.a(sbrk.o)
                              /usr/lib/gcc/arm-none-eabi/4.9.3/../../../arm-none-eabi/lib/armv7e-m/fpu/libc_nano.a(lib_a-sbrkr.o) (_sbrk)
/usr/lib/gcc/arm-none-eabi/4.9.3/../../../arm-none-eabi/lib/armv7e-m/fpu/libm.a(lib_a-sf_lrint.o)
                              /tmp/ccGYWBCE.ltrans1.ltrans.o (lrintf)
/usr/lib/gcc/arm-none-eabi/4.9.3/../../../arm-none-eabi/lib/armv7e-m/fpu/libm.a(lib_a-sf_tan.o)
                              /tmp/ccGYWBCE.ltrans13.ltrans.o (tanf)
/usr/lib/gcc/arm-none-eabi/4.9.3/../../../arm-none-eabi/lib/armv7e-m/fpu/libm.a(lib_a-wf_pow.o)
                              /tmp/ccGYWBCE.ltrans17.ltrans.o (powf)
/usr/lib/gcc/arm-none-eabi/4.9.3/../../../arm-none-eabi/lib/armv7e-m/fpu/libm.a(lib_a-wf_sqrt.o)
                              /tmp/ccGYWBCE.ltrans1.ltrans.o (sqrtf)
/usr/lib/gcc/arm-none-eabi/4.9.3/../../../arm-none-eabi/lib/armv7e-m/fpu/libm.a(lib_a-ef_pow.o)
                              /usr/lib/gcc/arm-none-eabi/4.9.3/../../../arm-none-eabi/lib/armv7e-m/fpu/libm.a(lib_a-wf_pow.o) (__ieee754_powf)
/usr/lib/gcc/arm-none-eabi/4.9.3/../../../arm-none-eabi/lib/armv7e-m/fpu/libm.a(lib_a-ef_rem_pio2.o)
                              /usr/lib/gcc/arm-none-eabi/4.9.3/../../../arm-none-eabi/lib/armv7e-m/fpu/libm.a(lib_a-sf_tan.o) (__ieee754_rem_pio2f)
/usr/lib/gcc/arm-none-eabi/4.9.3/../../../arm-none-eabi/lib/armv7e-m/fpu/libm.a(lib_a-ef_sqrt.o)
                              /usr/lib/gcc/arm-none-eabi/4.9.3/../../../arm-none-eabi/lib/armv7e-m/fpu/libm.a(lib_a-wf_sqrt.o) (__ieee754_sqrtf)
/usr/lib/gcc/arm-none-eabi/4.9.3/../../../arm-none-eabi/lib/armv7e-m/fpu/libm.a(lib_a-kf_rem_pio2.o)
                              /usr/lib/gcc/arm-none-eabi/4.9.3/../../../arm-none-eabi/lib/armv7e-m/fpu/libm.a(lib_a-ef_rem_pio2.o) (__kernel_rem_pio2f)
/usr/lib/gcc/arm-none-eabi/4.9.3/../../../arm-none-eabi/lib/armv7e-m/fpu/libm.a(lib_a-kf_tan.o)
                              /usr/lib/gcc/arm-none-eabi/4.9.3/../../../arm-none-eabi/lib/armv7e-m/fpu/libm.a(lib_a-sf_tan.o) (__kernel_tanf)
/usr/lib/gcc/arm-none-eabi/4.9.3/../../../arm-none-eabi/lib/armv7e-m/fpu/libm.a(lib_a-s_lib_ver.o)
                              /usr/lib/gcc/arm-none-eabi/4.9.3/../../../arm-none-eabi/lib/armv7e-m/fpu/libm.a(lib_a-wf_pow.o) (__fdlib_version)
[...]
Memory Configuration

Name             Origin             Length             Attributes
FLASH            0x08000000         0x0003f000         xr
RAM              0x20000000         0x0000a000         xrw
MEMORY_B1        0x60000000         0x00000000         xr
*default*        0x00000000         0xffffffff

Linker script and memory map

LOAD obj/main/SPRACINGF3/startup_stm32f30x_md_gcc.o
LOAD obj/main/SPRACINGF3/drivers/adc.o
LOAD /tmp/ccGYWBCE.ltrans0.ltrans.o
LOAD /tmp/ccGYWBCE.ltrans1.ltrans.o
LOAD /tmp/ccGYWBCE.ltrans2.ltrans.o
LOAD /tmp/ccGYWBCE.ltrans3.ltrans.o
LOAD /tmp/ccGYWBCE.ltrans4.ltrans.o
LOAD /tmp/ccGYWBCE.ltrans5.ltrans.o
LOAD /tmp/ccGYWBCE.ltrans6.ltrans.o
LOAD /tmp/ccGYWBCE.ltrans7.ltrans.o
LOAD /tmp/ccGYWBCE.ltrans8.ltrans.o
LOAD /tmp/ccGYWBCE.ltrans9.ltrans.o
LOAD /tmp/ccGYWBCE.ltrans10.ltrans.o
LOAD /tmp/ccGYWBCE.ltrans11.ltrans.o
LOAD /tmp/ccGYWBCE.ltrans12.ltrans.o
LOAD /tmp/ccGYWBCE.ltrans13.ltrans.o
LOAD /tmp/ccGYWBCE.ltrans14.ltrans.o
LOAD /tmp/ccGYWBCE.ltrans15.ltrans.o
LOAD /tmp/ccGYWBCE.ltrans16.ltrans.o
LOAD /tmp/ccGYWBCE.ltrans17.ltrans.o
LOAD /tmp/ccGYWBCE.ltrans18.ltrans.o
LOAD /tmp/ccGYWBCE.ltrans19.ltrans.o
LOAD /tmp/ccGYWBCE.ltrans20.ltrans.o
LOAD /tmp/ccGYWBCE.ltrans21.ltrans.o
LOAD /tmp/ccGYWBCE.ltrans22.ltrans.o
LOAD /tmp/ccGYWBCE.ltrans23.ltrans.o
LOAD /tmp/ccGYWBCE.ltrans24.ltrans.o
LOAD /tmp/ccGYWBCE.ltrans25.ltrans.o
LOAD /tmp/ccGYWBCE.ltrans26.ltrans.o
LOAD obj/main/SPRACINGF3/drivers/adc_stm32f30x.o
LOAD obj/main/SPRACINGF3/drivers/bus_i2c_stm32f30x.o
LOAD obj/main/SPRACINGF3/drivers/bus_spi.o
LOAD obj/main/SPRACINGF3/drivers/display_ug2864hsweg01.o
LOAD obj/main/SPRACINGF3/drivers/gpio_stm32f30x.o
LOAD obj/main/SPRACINGF3/drivers/light_led_stm32f30x.o
LOAD obj/main/SPRACINGF3/drivers/pwm_mapping.o
LOAD obj/main/SPRACINGF3/drivers/pwm_output.o
LOAD obj/main/SPRACINGF3/drivers/pwm_rx.o
LOAD obj/main/SPRACINGF3/drivers/serial_uart.o
LOAD obj/main/SPRACINGF3/drivers/serial_uart_stm32f30x.o
LOAD obj/main/SPRACINGF3/drivers/sound_beeper_stm32f30x.o
LOAD obj/main/SPRACINGF3/drivers/system_stm32f30x.o
LOAD obj/main/SPRACINGF3/drivers/timer.o
LOAD obj/main/SPRACINGF3/drivers/timer_stm32f30x.o
LOAD obj/main/SPRACINGF3/drivers/accgyro_mpu.o
LOAD obj/main/SPRACINGF3/drivers/accgyro_mpu6050.o
LOAD obj/main/SPRACINGF3/drivers/barometer_ms5611.o
LOAD obj/main/SPRACINGF3/drivers/compass_ak8975.o
LOAD obj/main/SPRACINGF3/drivers/compass_hmc5883l.o
LOAD obj/main/SPRACINGF3/drivers/flash_m25p16.o
LOAD obj/main/SPRACINGF3/drivers/light_ws2811strip.o
LOAD obj/main/SPRACINGF3/drivers/light_ws2811strip_stm32f30x.o
LOAD obj/main/SPRACINGF3/drivers/serial_softserial.o
LOAD obj/main/SPRACINGF3/drivers/sonar_hcsr04.o
LOAD obj/main/SPRACINGF3/io/flashfs.o
LOAD obj/main/SPRACINGF3/flight/gtune.o
LOAD obj/main/SPRACINGF3/flight/navigation.o
LOAD obj/main/SPRACINGF3/flight/gps_conversion.o
LOAD obj/main/SPRACINGF3/common/colorconversion.o
LOAD obj/main/SPRACINGF3/io/gps.o
LOAD obj/main/SPRACINGF3/io/ledstrip.o
LOAD obj/main/SPRACINGF3/io/display.o
LOAD obj/main/SPRACINGF3/telemetry/telemetry.o
LOAD obj/main/SPRACINGF3/telemetry/frsky.o
LOAD obj/main/SPRACINGF3/telemetry/hott.o
LOAD obj/main/SPRACINGF3/telemetry/smartport.o
LOAD obj/main/SPRACINGF3/telemetry/ltm.o
LOAD obj/main/SPRACINGF3/sensors/sonar.o
LOAD obj/main/SPRACINGF3/sensors/barometer.o
LOAD obj/main/SPRACINGF3/blackbox/blackbox.o
LOAD obj/main/SPRACINGF3/blackbox/blackbox_io.o
LOAD obj/main/SPRACINGF3/build_config.o
LOAD obj/main/SPRACINGF3/debug.o
LOAD obj/main/SPRACINGF3/version.o
LOAD obj/main/SPRACINGF3/system_stm32f30x.o
LOAD obj/main/SPRACINGF3/config/config.o
LOAD obj/main/SPRACINGF3/config/runtime_config.o
LOAD obj/main/SPRACINGF3/common/maths.o
LOAD obj/main/SPRACINGF3/common/printf.o
LOAD obj/main/SPRACINGF3/common/typeconversion.o
LOAD obj/main/SPRACINGF3/common/encoding.o
LOAD obj/main/SPRACINGF3/common/filter.o
LOAD obj/main/SPRACINGF3/scheduler.o
LOAD obj/main/SPRACINGF3/scheduler_tasks.o
LOAD obj/main/SPRACINGF3/main.o
LOAD obj/main/SPRACINGF3/mw.o
LOAD obj/main/SPRACINGF3/flight/altitudehold.o
LOAD obj/main/SPRACINGF3/flight/failsafe.o
LOAD obj/main/SPRACINGF3/flight/pid.o
LOAD obj/main/SPRACINGF3/flight/imu.o
LOAD obj/main/SPRACINGF3/flight/mixer.o
LOAD obj/main/SPRACINGF3/flight/lowpass.o
LOAD obj/main/SPRACINGF3/drivers/bus_i2c_soft.o
LOAD obj/main/SPRACINGF3/drivers/serial.o
LOAD obj/main/SPRACINGF3/drivers/sound_beeper.o
LOAD obj/main/SPRACINGF3/drivers/system.o
LOAD obj/main/SPRACINGF3/drivers/dma.o
LOAD obj/main/SPRACINGF3/drivers/buf_writer.o
LOAD obj/main/SPRACINGF3/drivers/gyro_sync.o
LOAD obj/main/SPRACINGF3/io/beeper.o
LOAD obj/main/SPRACINGF3/io/rc_controls.o
LOAD obj/main/SPRACINGF3/io/rc_curves.o
LOAD obj/main/SPRACINGF3/io/serial.o
LOAD obj/main/SPRACINGF3/io/serial_1wire.o
LOAD obj/main/SPRACINGF3/io/serial_cli.o
LOAD obj/main/SPRACINGF3/io/serial_msp.o
LOAD obj/main/SPRACINGF3/io/statusindicator.o
LOAD obj/main/SPRACINGF3/rx/rx.o
LOAD obj/main/SPRACINGF3/rx/pwm.o
LOAD obj/main/SPRACINGF3/rx/msp.o
LOAD obj/main/SPRACINGF3/rx/sbus.o
LOAD obj/main/SPRACINGF3/rx/sumd.o
LOAD obj/main/SPRACINGF3/rx/sumh.o
LOAD obj/main/SPRACINGF3/rx/spektrum.o
LOAD obj/main/SPRACINGF3/rx/xbus.o
LOAD obj/main/SPRACINGF3/rx/ibus.o
LOAD obj/main/SPRACINGF3/sensors/acceleration.o
LOAD obj/main/SPRACINGF3/sensors/battery.o
LOAD obj/main/SPRACINGF3/sensors/boardalignment.o
LOAD obj/main/SPRACINGF3/sensors/compass.o
LOAD obj/main/SPRACINGF3/sensors/gyro.o
LOAD obj/main/SPRACINGF3/sensors/initialisation.o
LOAD obj/main/SPRACINGF3/stm32f30x_rcc.o
LOAD obj/main/SPRACINGF3/stm32f30x_gpio.o
LOAD obj/main/SPRACINGF3/stm32f30x_comp.o
LOAD obj/main/SPRACINGF3/stm32f30x_exti.o
LOAD obj/main/SPRACINGF3/stm32f30x_dma.o
LOAD obj/main/SPRACINGF3/stm32f30x_dbgmcu.o
LOAD obj/main/SPRACINGF3/stm32f30x_dac.o
LOAD obj/main/SPRACINGF3/stm32f30x_opamp.o
LOAD obj/main/SPRACINGF3/stm32f30x_pwr.o
LOAD obj/main/SPRACINGF3/stm32f30x_i2c.o
LOAD obj/main/SPRACINGF3/stm32f30x_flash.o
LOAD obj/main/SPRACINGF3/stm32f30x_syscfg.o
LOAD obj/main/SPRACINGF3/stm32f30x_spi.o
LOAD obj/main/SPRACINGF3/stm32f30x_usart.o
LOAD obj/main/SPRACINGF3/stm32f30x_misc.o
LOAD obj/main/SPRACINGF3/stm32f30x_rtc.o
LOAD obj/main/SPRACINGF3/stm32f30x_tim.o
LOAD obj/main/SPRACINGF3/stm32f30x_hrtim.o
LOAD obj/main/SPRACINGF3/stm32f30x_iwdg.o
LOAD obj/main/SPRACINGF3/stm32f30x_adc.o
LOAD obj/main/SPRACINGF3/stm32f30x_wwdg.o
LOAD /usr/lib/gcc/arm-none-eabi/4.9.3/../../../arm-none-eabi/lib/armv7e-m/fpu/libm.a
LOAD /usr/lib/gcc/arm-none-eabi/4.9.3/../../../arm-none-eabi/lib/armv7e-m/fpu/libc_nano.a
LOAD /usr/lib/gcc/arm-none-eabi/4.9.3/../../../arm-none-eabi/lib/armv7e-m/fpu/libnosys.a
START GROUP
LOAD /usr/lib/gcc/arm-none-eabi/4.9.3/armv7e-m/fpu/libgcc.a
LOAD /usr/lib/gcc/arm-none-eabi/4.9.3/../../../arm-none-eabi/lib/armv7e-m/fpu/libg_nano.a
LOAD /usr/lib/gcc/arm-none-eabi/4.9.3/../../../arm-none-eabi/lib/armv7e-m/fpu/libc_nano.a
END GROUP
START GROUP
LOAD /usr/lib/gcc/arm-none-eabi/4.9.3/armv7e-m/fpu/libgcc.a
LOAD /usr/lib/gcc/arm-none-eabi/4.9.3/../../../arm-none-eabi/lib/armv7e-m/fpu/libc_nano.a
END GROUP
                0x2000a000                _estack = (ORIGIN (RAM) + LENGTH (RAM))
                0x00000000                _Min_Heap_Size = 0x0
                0x00000400                _Min_Stack_Size = 0x400

.isr_vector     0x08000000      0x188
                0x08000000                . = ALIGN (0x4)
                [!provide]                PROVIDE (isr_vector_table_base, .)
 *(.isr_vector)
 .isr_vector    0x08000000      0x188 obj/main/SPRACINGF3/startup_stm32f30x_md_gcc.o
                0x08000000                g_pfnVectors
                0x08000188                . = ALIGN (0x4)

.text           0x08000188    0x1c7d8
                0x08000188                . = ALIGN (0x4)
 *(.text)
 .text          0x08000188     0x22f4 /tmp/ccGYWBCE.ltrans0.ltrans.o
                0x08000188                init
 .text          0x0800247c     0x1d3c /tmp/ccGYWBCE.ltrans1.ltrans.o
                0x0800247c                taskMainPidLoopChecker
 .text          0x080041b8     0x221c /tmp/ccGYWBCE.ltrans2.ltrans.o
                0x080041b8                taskHandleSerial
 .text          0x080063d4     0x129c /tmp/ccGYWBCE.ltrans3.ltrans.o
                0x080063d4                taskUpdateRxMain
 .text          0x08007670      0xd44 /tmp/ccGYWBCE.ltrans4.ltrans.o
                0x08007670                pwmOverflowCallback.lto_priv.440
                0x08007698                ppmEdgeCallback.lto_priv.441
                0x08007778                ppmOverflowCallback.lto_priv.442
                0x08007788                pwmWriteStandard.lto_priv.437
                0x08007798                pwmWriteBrushed.lto_priv.438
                0x080077e0                uartReconfigure.lto_priv.540
                0x08007908                uartOpen
                0x08007d68                pwmICConfig
                0x08007da4                pwmEdgeCallback.lto_priv.439
                0x08007dfc                pwmWriteServo
                0x08007e14                gpioInit
                0x08007e66                pwmOutConfig.lto_priv.473
                0x08008048                i2cRead
                0x08008140                i2cWrite
                0x0800821c                i2c_OLED_send_byte.lto_priv.514
                0x08008224                i2c_OLED_send_char
                0x08008258                i2c_OLED_send_string
                0x0800826a                i2c_OLED_send_cmd.lto_priv.472
                0x08008272                ug2864hsweg01InitI2C.part.0.lto_priv.471
                0x08008350                i2c_OLED_set_line
                0x08008368                i2c_OLED_set_xy
                0x08008392                i2cGetErrorCounter
 .text          0x080083b4      0xcf0 /tmp/ccGYWBCE.ltrans5.ltrans.o
                0x080083b4                taskTelemetry
 .text          0x080090a4      0x634 /tmp/ccGYWBCE.ltrans6.ltrans.o
                0x080090a4                taskLedStrip
 .text          0x080096d8      0xc94 /tmp/ccGYWBCE.ltrans7.ltrans.o
                0x080096d8                dmaNoOpHandler
                0x08009730                cliShowArgumentRangeError.lto_priv.200
                0x0800974c                cliAux.lto_priv.183
                0x08009838                cliShowParseError.lto_priv.201
                0x08009844                cliMotorMix.lto_priv.191
                0x08009a54                cliAdjustmentRange.lto_priv.182
                0x08009bb0                cliRxFail.lto_priv.193
                0x08009ce0                closeSerialPort
                0x08009d08                openSerialPort
                0x08009da8                serialFindPortConfiguration
                0x08009dd0                cliSerial.lto_priv.194
                0x08009f14                determinePortSharing
                0x08009f28                findNextSerialPortConfig
                0x08009f5c                findSerialPortConfig
                0x08009f68                generateThrottleCurve
                0x08009ffc                generatePitchRollCurve
                0x0800a030                isRangeActive.part.3.lto_priv.271
                0x0800a07c                isModeActivationConditionPresent
                0x0800a09e                calculateThrottleStatus
                0x0800a0d4                blackboxLogInflightAdjustmentEvent
                0x0800a0fc                beeperSilence
                0x0800a124                beeper
                0x0800a168                beeperConfirmationBeeps
                0x0800a198                bufWriterFlush
                0x0800a1b0                cliPrompt.lto_priv.339
                0x0800a1cc                bufWriterAppend
                0x0800a1e8                DMA1_Channel7_IRQHandler
                0x0800a1f8                DMA1_Channel6_IRQHandler
                0x0800a208                DMA1_Channel3_IRQHandler
                0x0800a218                DMA1_Channel2_IRQHandler
                0x0800a228                micros
                0x0800a260                delayMicroseconds
                0x0800a276                delay
                0x0800a28a                waitForSerialPortToFinishTransmitting
                0x0800a2a0                failureMode
                0x0800a330                SysTick_Handler
                0x0800a340                EXTI15_10_IRQHandler
 .text          0x0800a36c      0xcf0 /tmp/ccGYWBCE.ltrans8.ltrans.o
                0x0800a36c                ibusReadRawRC.lto_priv.412
                0x0800a378                xBusReadRawRC.lto_priv.410
                0x0800a438                spektrumReadRawRC.lto_priv.172
                0x0800a464                sumhReadRawRC.lto_priv.403
                0x0800a47c                sumdReadRawRC.lto_priv.401
                0x0800a490                sbusReadRawRC.lto_priv.399
                0x0800a4c4                rxMspReadRawRC.lto_priv.414
                0x0800a4d4                ppmReadRawRC.lto_priv.416
                0x0800a4e4                pwmReadRawRC.lto_priv.415
                0x0800a4f4                nullReadRawRC.lto_priv.174
                0x0800a4f8                ibusDataReceive.lto_priv.413
                0x0800a544                xBusDataReceive.lto_priv.411
                0x0800a620                spektrumDataReceive.lto_priv.173
                0x0800a670                sumhDataReceive.lto_priv.404
                0x0800a6bc                sumdDataReceive.lto_priv.402
                0x0800a768                sbusDataReceive.lto_priv.400
                0x0800a7c0                cliVersion.lto_priv.198
                0x0800a7f4                cliTasks.lto_priv.197
                0x0800a83c                RCC_GetClocksFreq
                0x0800ab18                alignSensors
                0x0800ac50                calculateBatteryCapacityRemainingPercentage
                0x0800ac9c                batteryAdcToVoltage
                0x0800acc8                updateBatteryVoltage.lto_priv.304
                0x0800acf8                getRxfailValue.lto_priv.273
                0x0800ad58                resumeRxSignal
                0x0800ad80                suspendRxSignal
                0x0800adac                warningLedRefresh
                0x0800adf8                packFlightModeFlags.lto_priv.338
                0x0800af20                mspReleasePortIfAllocated
                0x0800af60                read8.lto_priv.333
                0x0800af78                read16.lto_priv.334
                0x0800af8c                read32.lto_priv.335
                0x0800af9e                serialize8.lto_priv.332
                0x0800afc0                tailSerialReply.lto_priv.330
                0x0800afe4                headSerialResponse.lto_priv.176
                0x0800b030                headSerialReply.lto_priv.331
                0x0800b036                serialize16.lto_priv.336
                0x0800b048                serialize32.lto_priv.337
 .text          0x0800b05c      0xa84 /tmp/ccGYWBCE.ltrans9.ltrans.o
                0x0800b1a4                blackboxWrite
                0x0800b33c                blackboxAdvanceIterationTimers.lto_priv.358
                0x0800b378                blackboxLogEvent
                0x0800b428                blackboxLogIteration.lto_priv.359
                0x0800b984                sendFieldDefinition.lto_priv.360
 .text          0x0800bae0      0xd70 /tmp/ccGYWBCE.ltrans10.ltrans.o
                0x0800bae6                activateControlRateConfig
                0x0800bb2c                isEEPROMContentValid.lto_priv.474
                0x0800bb70                readEEPROM
                0x0800bf18                resetConf.lto_priv.199
                0x0800c4a4                SystemInit
                0x0800c50c                blackboxDeviceReserveBufferSpace
                0x0800c56c                isBlackboxDeviceFull
                0x0800c598                blackboxDeviceFlushForce
                0x0800c5bc                blackboxWriteTag2_3S32
                0x0800c6de                blackboxWriteUnsignedVB
                0x0800c6fe                blackboxWriteSignedVB
                0x0800c706                blackboxPrint
                0x0800c7dc                blackboxPrintfHeaderLine
                0x0800c82c                blackboxPrintf
 .text          0x0800c850      0xd74 /tmp/ccGYWBCE.ltrans11.ltrans.o
                0x0800c868                gpsNewFrame
                0x0800ce10                gpsSetState.lto_priv.257
                0x0800ce2c                GPS_distance_cm_bearing.isra.3.lto_priv.533
                0x0800ceb4                gpsNewData.part.2.lto_priv.202
 .text          0x0800d5c4      0xd74 /tmp/ccGYWBCE.ltrans12.ltrans.o
                0x0800d5c4                cliFeature.lto_priv.187
                0x0800d6b0                cliExit.lto_priv.186
                0x0800d728                cliFlashErase.lto_priv.188
                0x0800d754                cliFlashInfo.lto_priv.189
                0x0800d78c                cliServo.lto_priv.195
                0x0800d8d0                cliServoMix.lto_priv.196
                0x0800dbec                cliRxRange.lto_priv.192
                0x0800dccc                cliColor.lto_priv.184
                0x0800ddb0                cliLed.lto_priv.190
                0x0800dfd0                cliDump.lto_priv.185
 .text          0x0800e338      0xe6c /tmp/ccGYWBCE.ltrans13.ltrans.o
                0x0800e338                beepInverted.lto_priv.444
                0x0800e34c                beepNormal.lto_priv.445
                0x0800ec6c                registerExtiCallbackHandler
                0x0800ec98                systemBeep
                0x0800eca4                serialSetMode
                0x0800ecaa                isSerialTransmitBufferEmpty
                0x0800ecb0                serialSetBaudRate
                0x0800ecb6                serialRead
                0x0800ecbc                serialRxBytesWaiting
                0x0800ecc2                serialWrite
                0x0800ecc8                serialWriteBufShim
                0x0800ed04                lowpassFixed
                0x0800ef1c                writeMotors
                0x0800efbc                stopMotors
                0x0800f004                mixerResetDisarmedMotors
                0x0800f03c                loadCustomServoMixer
                0x0800f08c                determineServoMiddleOrForwardFromChannel
                0x0800f0c0                imuComputeRotationMatrix.lto_priv.363
                0x0800f180                pidSetController
 .text          0x0800f1a4      0xabc /tmp/ccGYWBCE.ltrans14.ltrans.o
                0x0800f4a0                wrap_18000.lto_priv.362
                0x0800f4c4                GPS_set_next_wp
                0x0800f558                gpsUsePIDs
                0x0800f61c                GPS_reset_home_position
                0x0800f670                calculate_Gtune
                0x0800f828                flashfsAdvanceTailInBuffer.lto_priv.492
                0x0800f858                flashfsGetDirtyDataBuffers.lto_priv.490
                0x0800f890                flashfsGetOffset
                0x0800f8b0                flashfsWriteBuffers.lto_priv.491
                0x0800f9fc                flashfsFlushSync
                0x0800fa34                flashfsFlushAsync
                0x0800fa78                flashfsTransmitBufferUsed.lto_priv.361
                0x0800fa98                flashfsEraseCompletely
                0x0800fad4                EXTI9_5_IRQHandler
                0x0800fad8                EXTI1_IRQHandler
                0x0800fadc                EXTI0_IRQHandler
                0x0800fae0                openSoftSerial
 .text          0x0800fc60      0xa60 /tmp/ccGYWBCE.ltrans15.ltrans.o
                0x0800fc60                ws2811DMAHandler
                0x0800fc88                ms5611_calculate.lto_priv.428
                0x0800fe48                mpuIsDataReady
                0x0800fe5c                mpuGyroRead
                0x0800fea4                mpuAccRead
                0x0800feec                hmc5883lRead
                0x0800ffac                ms5611_get_up.lto_priv.427
                0x0800ffbc                ms5611_get_ut.lto_priv.425
                0x0800ffcc                mpuReadRegisterI2C.lto_priv.421
                0x0800ffe2                ak8975Read
                0x08010076                ak8975Init
                0x080100e6                ms5611_start_up.lto_priv.426
                0x080100f0                ms5611_start_ut.lto_priv.424
                0x080100fa                mpuWriteRegisterI2C.lto_priv.422
                0x08010130                hmc5883lInit
                0x08010344                mpu6050GyroInit.lto_priv.423
                0x080103a8                mpu6050AccInit.lto_priv.429
                0x080103d4                serialICConfig.lto_priv.535
                0x080103fa                setTxSignal
                0x08010418                ws2811UpdateStrip
                0x080105d4                m25p16_isReady
                0x0801061c                m25p16_waitForReady
                0x0801063c                m25p16_readBytes
                0x08010688                m25p16_performOneByteCommand.lto_priv.534
 .text          0x080106c0      0x9d0 /tmp/ccGYWBCE.ltrans16.ltrans.o
                0x080106e8                spiTransfer.constprop.142
                0x08010728                NVIC_Init.part.0.constprop.132
                0x08010764                EXTI_Init.part.0.constprop.125
                0x08010840                GPS_coord_to_degrees.constprop.105
                0x08010900                grab_fields.constprop.104
                0x08010944                drawRxChannel.constprop.100
                0x08010990                blackboxWriteSigned16VBArray.constprop.74
                0x080109b0                blackboxWriteSignedVBArray.constprop.73
                0x080109ca                mspAllocateSerialPorts.constprop.71
                0x08010a44                resetSerialConfig.constprop.66
                0x08010aa0                FLASH_WaitForLastOperation.constprop.57
                0x08010ac4                parseRcChannels.constprop.54
                0x08010b00                itoa.constprop.49
                0x08010b22                spektrumInit.constprop.37
                0x08010ba4                findNextSharedSerialPort.constprop.16
                0x08010c0c                setAdjustment.constprop.14
                0x08010ca4                headSerialError.constprop.9
                0x08010cac                TIM_ICInit
                0x08010db6                TIM_OC1Init
                0x08010e30                SYSCFG_EXTILineConfig
                0x08010e5a                I2C_Init
                0x08010eb8                DMA_StructInit
                0x08010ed2                DMA_Init
                0x08010f0e                DMA_DeInit
                0x08011000                EXTI_ClearITPendingBit
                0x08011018                GPIO_Init
 .text          0x08011090      0x954 /tmp/ccGYWBCE.ltrans17.ltrans.o
                0x08011090                taskUpdateBaro
                0x0801116c                taskUpdateDisplay
                0x08011180                taskCalculateAltitude
                0x080115c4                taskUpdateSonar
                0x08011608                taskUpdateCompass
                0x0801174c                taskProcessGPS
 .text          0x080119e4      0x40c /tmp/ccGYWBCE.ltrans18.ltrans.o
                0x080119e4                mwArm
                0x08011d6c                mwDisarm
                0x08011dd4                HardFault_Handler
 .text          0x08011df0      0x980 /tmp/ccGYWBCE.ltrans19.ltrans.o
                0x08011e3c                drawHorizonalPercentageBar
                0x08011e8e                updateDisplay
                0x080125d0                applyDirectionalModeColor
                0x080126b0                reevalulateLedConfig
 .text          0x08012770      0xac8 /tmp/ccGYWBCE.ltrans20.ltrans.o
                0x08012770                taskSystem
                0x080128d6                _putc.lto_priv.447
                0x080128e4                applyBiQuadFilter
                0x08012936                BiQuadNewLpf
                0x080129ec                fastA2F
                0x08012b00                ftoa
                0x08012bd4                _i2a.lto_priv.175
                0x08012bfc                tfp_format
                0x08012dd6                tfp_sprintf
                0x08012e00                applyDeadband
                0x08012e1e                acosf
                0x08012e84                atan2f
                0x08012f68                sinf
                0x0801302c                cosf
                0x0801303c                disableFlightMode
                0x0801305c                enableFlightMode
                0x0801307c                featureClear
                0x0801308c                featureSet
                0x0801309c                handleOneshotFeatureChangeOnRestart
                0x080130f0                writeEEPROM
                0x08013224                saveConfigAndNotify
 .text          0x08013238      0x5bc /tmp/ccGYWBCE.ltrans21.ltrans.o
                0x080132a6                uartRead
                0x080132d6                isUartTransmitBufferEmpty
                0x080132ec                uartTotalTxBytesFree
                0x08013314                uartTotalRxBytesWaiting
                0x08013366                uartWrite
                0x0801344a                uartSetMode
                0x08013450                uartSetBaudRate
                0x08013456                mpuIntExtiInit
                0x08013518                TIM1_TRG_COM_TIM17_IRQHandler
                0x08013528                TIM1_BRK_TIM15_IRQHandler
                0x08013538                TIM4_IRQHandler
                0x08013548                TIM3_IRQHandler
                0x08013558                TIM2_IRQHandler
                0x08013564                TIM1_UP_TIM16_IRQHandler
                0x08013588                TIM1_CC_IRQHandler
                0x08013598                configTimeBase
                0x08013634                timerConfigure
                0x08013688                lookupTimerIndex.lto_priv.232
                0x080136e0                timerChConfigCallbacks
                0x08013794                USART3_IRQHandler
                0x0801379c                USART2_IRQHandler
                0x080137a4                USART1_IRQHandler
                0x080137ac                DMA1_Channel4_IRQHandler
 .text          0x080137f4      0x914 /tmp/ccGYWBCE.ltrans22.ltrans.o
                0x080137f8                cliGpsPassthrough.lto_priv.321
                0x0801389c                cliWrite.lto_priv.209
                0x080138ac                cliPrintf.lto_priv.180
                0x080138d4                cliPrintVar.lto_priv.210
                0x080139cc                cliRateProfile.lto_priv.207
                0x08013a14                cliProfile.lto_priv.208
                0x08013a50                cliPlaySound.lto_priv.326
                0x08013af0                cliMotor.lto_priv.325
                0x08013b90                cliPrint.lto_priv.205
                0x08013bac                cliStatus.lto_priv.329
                0x08013ca0                cliGet.lto_priv.320
                0x08013cf8                cliSet.lto_priv.328
                0x08013f14                cliMixer.lto_priv.324
                0x08013fb4                cliMap.lto_priv.323
                0x08014058                cliHelp.lto_priv.322
                0x0801409c                cliReboot.lto_priv.206
                0x080140d4                cliDefaults.lto_priv.319
                0x080140f0                cliSave.lto_priv.327
 .text          0x08014108      0x7bc /tmp/ccGYWBCE.ltrans23.ltrans.o
                0x08014108                taskUpdateRxCheck
                0x0801458c                taskUpdateBattery
                0x08014794                taskUpdateBeeper
 .text          0x080148c4      0x53c /tmp/ccGYWBCE.ltrans24.ltrans.o
                0x080149b8                sonarRead
                0x08014a40                ltm_finalise.lto_priv.247
                0x08014a58                ltm_serialise_8.lto_priv.248
                0x08014a7c                ltm_serialise_32.lto_priv.249
                0x08014a9e                ltm_serialise_16.lto_priv.251
                0x08014ab0                ltm_initialise_packet.lto_priv.250
                0x08014ae4                smartPortSendPackage.lto_priv.246
                0x08014b4c                workAroundForHottTelemetryOnUsart.isra.0.lto_priv.245
                0x08014b78                flushHottRxBuffer.lto_priv.244
                0x08014b94                serialize16.lto_priv.241
                0x08014ba8                sendTelemetryTail.lto_priv.240
                0x08014bb8                sendDataHead.lto_priv.242
                0x08014bd8                sendLatLong.lto_priv.243
                0x08014c50                telemetryCheckState
 .text          0x08014e00      0x1e4 /tmp/ccGYWBCE.ltrans25.ltrans.o
                0x08014e00                taskUpdateAccelerometer
 .text          0x08014fe4       0x9c /tmp/ccGYWBCE.ltrans26.ltrans.o
                0x08014fe4                filterIsSetCheck
                0x08015028                pidResetErrorAngle
                0x08015044                failsafeActivate.lto_priv.272
 .text          0x08015080       0x1c /usr/lib/gcc/arm-none-eabi/4.9.3/armv7e-m/fpu/libgcc.a(_ashrdi3.o)
                0x08015080                __ashrdi3
                0x08015080                __aeabi_lasr
 .text          0x0801509c      0x370 /usr/lib/gcc/arm-none-eabi/4.9.3/armv7e-m/fpu/libgcc.a(_arm_addsubdf3.o)
                0x0801509c                __aeabi_drsub
                0x080150a4                __aeabi_dsub
                0x080150a4                __subdf3
                0x080150a8                __adddf3
                0x080150a8                __aeabi_dadd
                0x08015320                __aeabi_ui2d
                0x08015320                __floatunsidf
                0x08015340                __floatsidf
                0x08015340                __aeabi_i2d
                0x08015364                __extendsfdf2
                0x08015364                __aeabi_f2d
                0x080153a0                __aeabi_ul2d
                0x080153a0                __floatundidf
                0x080153b0                __floatdidf
                0x080153b0                __aeabi_l2d
 .text          0x0801540c      0x424 /usr/lib/gcc/arm-none-eabi/4.9.3/armv7e-m/fpu/libgcc.a(_arm_muldivdf3.o)
                0x0801540c                __aeabi_dmul
                0x0801540c                __muldf3
                0x08015660                __aeabi_ddiv
                0x08015660                __divdf3
 .text          0x08015830      0x110 /usr/lib/gcc/arm-none-eabi/4.9.3/armv7e-m/fpu/libgcc.a(_arm_cmpdf2.o)
                0x08015830                __gtdf2
                0x08015830                __gedf2
                0x08015838                __ltdf2
                0x08015838                __ledf2
                0x08015840                __cmpdf2
                0x08015840                __eqdf2
                0x08015840                __nedf2
                0x080158bc                __aeabi_cdrcmple
                0x080158cc                __aeabi_cdcmple
                0x080158cc                __aeabi_cdcmpeq
                0x080158dc                __aeabi_dcmpeq
                0x080158f0                __aeabi_dcmplt
                0x08015904                __aeabi_dcmple
                0x08015918                __aeabi_dcmpge
                0x0801592c                __aeabi_dcmpgt
 .text          0x08015940       0xa0 /usr/lib/gcc/arm-none-eabi/4.9.3/armv7e-m/fpu/libgcc.a(_arm_truncdfsf2.o)
                0x08015940                __aeabi_d2f
                0x08015940                __truncdfsf2
 .text          0x080159e0       0x38 /usr/lib/gcc/arm-none-eabi/4.9.3/armv7e-m/fpu/libgcc.a(_aeabi_ldivmod.o)
                0x080159e0                __aeabi_ldivmod
 .text          0x08015a18       0x24 /usr/lib/gcc/arm-none-eabi/4.9.3/armv7e-m/fpu/libgcc.a(_fixsfdi.o)
                0x08015a18                __aeabi_f2lz
                0x08015a18                __fixsfdi
 .text          0x08015a3c       0x4c /usr/lib/gcc/arm-none-eabi/4.9.3/armv7e-m/fpu/libgcc.a(_fixunssfdi.o)
                0x08015a3c                __aeabi_f2ulz
                0x08015a3c                __fixunssfdi
 .text          0x08015a88       0x60 /usr/lib/gcc/arm-none-eabi/4.9.3/armv7e-m/fpu/libgcc.a(bpabi.o)
                0x08015a88                __gnu_ldivmod_helper
                0x08015ab8                __gnu_uldivmod_helper
 .text          0x08015ae8        0x4 /usr/lib/gcc/arm-none-eabi/4.9.3/armv7e-m/fpu/libgcc.a(_dvmd_tls.o)
                0x08015ae8                __aeabi_ldiv0
                0x08015ae8                __aeabi_idiv0
 .text          0x08015aec       0x40 /usr/lib/gcc/arm-none-eabi/4.9.3/armv7e-m/fpu/libgcc.a(_arm_fixunsdfsi.o)
                0x08015aec                __fixunsdfsi
                0x08015aec                __aeabi_d2uiz
 .text          0x08015b2c      0x29c /usr/lib/gcc/arm-none-eabi/4.9.3/armv7e-m/fpu/libgcc.a(_divdi3.o)
                0x08015b2c                __divdi3
 .text          0x08015dc8      0x26c /usr/lib/gcc/arm-none-eabi/4.9.3/armv7e-m/fpu/libgcc.a(_udivdi3.o)
                0x08015dc8                __udivdi3
 *(.text*)
 .text.Reset_Handler
                0x08016034       0x68 obj/main/SPRACINGF3/startup_stm32f30x_md_gcc.o
                0x08016034                Reset_Handler
 .text.Default_Handler
                0x0801609c        0x2 obj/main/SPRACINGF3/startup_stm32f30x_md_gcc.o
                0x0801609c                RTC_Alarm_IRQHandler
                0x0801609c                TIM8_TRG_COM_IRQHandler
                0x0801609c                TIM8_CC_IRQHandler
                0x0801609c                DebugMon_Handler
                0x0801609c                USB_HP_IRQHandler
                0x0801609c                PVD_IRQHandler
                0x0801609c                PendSV_Handler
                0x0801609c                NMI_Handler
                0x0801609c                EXTI3_IRQHandler
                0x0801609c                I2C2_EV_IRQHandler
                0x0801609c                FPU_IRQHandler
                0x0801609c                EXTI2_TS_IRQHandler
                0x0801609c                UsageFault_Handler
                0x0801609c                ADC1_2_IRQHandler
                0x0801609c                SPI1_IRQHandler
                0x0801609c                TIM6_DAC_IRQHandler
                0x0801609c                TIM8_UP_IRQHandler
                0x0801609c                DMA2_Channel2_IRQHandler
                0x0801609c                CAN1_RX1_IRQHandler
                0x0801609c                UART5_IRQHandler
                0x0801609c                ADC3_IRQHandler
                0x0801609c                DMA2_Channel1_IRQHandler
                0x0801609c                I2C1_EV_IRQHandler
                0x0801609c                UART4_IRQHandler
                0x0801609c                DMA2_Channel4_IRQHandler
                0x0801609c                RCC_IRQHandler
                0x0801609c                DMA1_Channel1_IRQHandler
                0x0801609c                Default_Handler
                0x0801609c                USBWakeUp_RMP_IRQHandler
                0x0801609c                TIM7_IRQHandler
                0x0801609c                TAMPER_STAMP_IRQHandler
                0x0801609c                RTC_WKUP_IRQHandler
                0x0801609c                SPI2_IRQHandler
                0x0801609c                MemManage_Handler
                0x0801609c                SVC_Handler
                0x0801609c                DMA2_Channel5_IRQHandler
                0x0801609c                DMA1_Channel5_IRQHandler
                0x0801609c                USB_LP_IRQHandler
                0x0801609c                EXTI4_IRQHandler
                0x0801609c                USB_LP_CAN1_RX0_IRQHandler
                0x0801609c                USB_HP_CAN1_TX_IRQHandler
                0x0801609c                ADC4_IRQHandler
                0x0801609c                WWDG_IRQHandler
                0x0801609c                COMP7_IRQHandler
                0x0801609c                COMP1_2_3_IRQHandler
                0x0801609c                COMP4_5_6_IRQHandler
                0x0801609c                I2C2_ER_IRQHandler
                0x0801609c                TIM8_BRK_IRQHandler
                0x0801609c                CAN1_SCE_IRQHandler
                0x0801609c                FLASH_IRQHandler
                0x0801609c                BusFault_Handler
                0x0801609c                SPI3_IRQHandler
                0x0801609c                I2C1_ER_IRQHandler
                0x0801609c                USBWakeUp_IRQHandler
                0x0801609c                DMA2_Channel3_IRQHandler
 *fill*         0x0801609e        0x2 
 .text.startup  0x080160a0      0x218 /tmp/ccGYWBCE.ltrans18.ltrans.o
                0x080160a0                main
 .text.atoi     0x080162b8        0x8 /usr/lib/gcc/arm-none-eabi/4.9.3/../../../arm-none-eabi/lib/armv7e-m/fpu/libc_nano.a(lib_a-atoi.o)
                0x080162b8                atoi
 .text.strtok   0x080162c0       0x64 /usr/lib/gcc/arm-none-eabi/4.9.3/../../../arm-none-eabi/lib/armv7e-m/fpu/libc_nano.a(lib_a-strtok.o)
                0x080162c0                strtok
 .text.__strtok_r
                0x08016324       0x56 /usr/lib/gcc/arm-none-eabi/4.9.3/../../../arm-none-eabi/lib/armv7e-m/fpu/libc_nano.a(lib_a-strtok_r.o)
                0x08016324                __strtok_r
 .text.strtok_r
                0x0801637a        0x6 /usr/lib/gcc/arm-none-eabi/4.9.3/../../../arm-none-eabi/lib/armv7e-m/fpu/libc_nano.a(lib_a-strtok_r.o)
                0x0801637a                strtok_r
 .text._strtol_r
                0x08016380      0x10c /usr/lib/gcc/arm-none-eabi/4.9.3/../../../arm-none-eabi/lib/armv7e-m/fpu/libc_nano.a(lib_a-strtol.o)
                0x08016380                _strtol_r
 .text.strtol   0x0801648c       0x1c /usr/lib/gcc/arm-none-eabi/4.9.3/../../../arm-none-eabi/lib/armv7e-m/fpu/libc_nano.a(lib_a-strtol.o)
                0x0801648c                strtol
 .text.malloc   0x080164a8       0x10 /usr/lib/gcc/arm-none-eabi/4.9.3/../../../arm-none-eabi/lib/armv7e-m/fpu/libc_nano.a(lib_a-malloc.o)
                0x080164a8                malloc
 .text._malloc_r
                0x080164b8       0xac /usr/lib/gcc/arm-none-eabi/4.9.3/../../../arm-none-eabi/lib/armv7e-m/fpu/libc_nano.a(lib_a-nano-mallocr.o)
                0x080164b8                _malloc_r
 .text._sbrk_r  0x08016564       0x20 /usr/lib/gcc/arm-none-eabi/4.9.3/../../../arm-none-eabi/lib/armv7e-m/fpu/libc_nano.a(lib_a-sbrkr.o)
                0x08016564                _sbrk_r
 .text._sbrk    0x08016584       0x1c /usr/lib/gcc/arm-none-eabi/4.9.3/../../../arm-none-eabi/lib/armv7e-m/fpu/libnosys.a(sbrk.o)
                0x08016584                _sbrk
 .text.lrintf   0x080165a0       0x8c /usr/lib/gcc/arm-none-eabi/4.9.3/../../../arm-none-eabi/lib/armv7e-m/fpu/libm.a(lib_a-sf_lrint.o)
                0x080165a0                lrintf
 .text.tanf     0x0801662c       0x5c /usr/lib/gcc/arm-none-eabi/4.9.3/../../../arm-none-eabi/lib/armv7e-m/fpu/libm.a(lib_a-sf_tan.o)
                0x0801662c                tanf
 .text.powf     0x08016688      0x344 /usr/lib/gcc/arm-none-eabi/4.9.3/../../../arm-none-eabi/lib/armv7e-m/fpu/libm.a(lib_a-wf_pow.o)
                0x08016688                powf
 .text.sqrtf    0x080169cc       0xb8 /usr/lib/gcc/arm-none-eabi/4.9.3/../../../arm-none-eabi/lib/armv7e-m/fpu/libm.a(lib_a-wf_sqrt.o)
                0x080169cc                sqrtf
 .text.__ieee754_powf
                0x08016a84      0x5f0 /usr/lib/gcc/arm-none-eabi/4.9.3/../../../arm-none-eabi/lib/armv7e-m/fpu/libm.a(lib_a-ef_pow.o)
                0x08016a84                __ieee754_powf
 .text.__ieee754_rem_pio2f
                0x08017074      0x290 /usr/lib/gcc/arm-none-eabi/4.9.3/../../../arm-none-eabi/lib/armv7e-m/fpu/libm.a(lib_a-ef_rem_pio2.o)
                0x08017074                __ieee754_rem_pio2f
 .text.__ieee754_sqrtf
                0x08017304       0xa4 /usr/lib/gcc/arm-none-eabi/4.9.3/../../../arm-none-eabi/lib/armv7e-m/fpu/libm.a(lib_a-ef_sqrt.o)
                0x08017304                __ieee754_sqrtf
 .text.__kernel_rem_pio2f
                0x080173a8      0x5e4 /usr/lib/gcc/arm-none-eabi/4.9.3/../../../arm-none-eabi/lib/armv7e-m/fpu/libm.a(lib_a-kf_rem_pio2.o)
                0x080173a8                __kernel_rem_pio2f
 .text.__kernel_tanf
                0x0801798c      0x1d0 /usr/lib/gcc/arm-none-eabi/4.9.3/../../../arm-none-eabi/lib/armv7e-m/fpu/libm.a(lib_a-kf_tan.o)
                0x0801798c                __kernel_tanf
 .text.matherr  0x08017b5c        0x4 /usr/lib/gcc/arm-none-eabi/4.9.3/../../../arm-none-eabi/lib/armv7e-m/fpu/libm.a(lib_a-s_matherr.o)
                0x08017b5c                matherr
 .text.rint     0x08017b60      0x124 /usr/lib/gcc/arm-none-eabi/4.9.3/../../../arm-none-eabi/lib/armv7e-m/fpu/libm.a(lib_a-s_rint.o)
                0x08017b60                rint
 .text.fabsf    0x08017c84       0x10 /usr/lib/gcc/arm-none-eabi/4.9.3/../../../arm-none-eabi/lib/armv7e-m/fpu/libm.a(lib_a-sf_fabs.o)
                0x08017c84                fabsf
 .text.finitef  0x08017c94       0x14 /usr/lib/gcc/arm-none-eabi/4.9.3/../../../arm-none-eabi/lib/armv7e-m/fpu/libm.a(lib_a-sf_finite.o)
                0x08017c94                finitef
 .text.floorf   0x08017ca8       0x90 /usr/lib/gcc/arm-none-eabi/4.9.3/../../../arm-none-eabi/lib/armv7e-m/fpu/libm.a(lib_a-sf_floor.o)
                0x08017ca8                floorf
 .text.__fpclassifyf
                0x08017d38       0x38 /usr/lib/gcc/arm-none-eabi/4.9.3/../../../arm-none-eabi/lib/armv7e-m/fpu/libm.a(lib_a-sf_fpclassify.o)
                0x08017d38                __fpclassifyf
 .text.nanf     0x08017d70        0xc /usr/lib/gcc/arm-none-eabi/4.9.3/../../../arm-none-eabi/lib/armv7e-m/fpu/libm.a(lib_a-sf_nan.o)
                0x08017d70                nanf
 .text.scalbnf  0x08017d7c       0xd0 /usr/lib/gcc/arm-none-eabi/4.9.3/../../../arm-none-eabi/lib/armv7e-m/fpu/libm.a(lib_a-sf_scalbn.o)
                0x08017d7c                scalbnf
 .text.copysignf
                0x08017e4c       0x18 /usr/lib/gcc/arm-none-eabi/4.9.3/../../../arm-none-eabi/lib/armv7e-m/fpu/libm.a(lib_a-sf_copysign.o)
                0x08017e4c                copysignf
 .text.__errno  0x08017e64        0xc /usr/lib/gcc/arm-none-eabi/4.9.3/../../../arm-none-eabi/lib/armv7e-m/fpu/libc_nano.a(lib_a-errno.o)
                0x08017e64                __errno
 .text.memcmp   0x08017e70       0x20 /usr/lib/gcc/arm-none-eabi/4.9.3/../../../arm-none-eabi/lib/armv7e-m/fpu/libc_nano.a(lib_a-memcmp.o)
                0x08017e70                memcmp
 .text.memcpy   0x08017e90       0x16 /usr/lib/gcc/arm-none-eabi/4.9.3/../../../arm-none-eabi/lib/armv7e-m/fpu/libc_nano.a(lib_a-memcpy.o)
                0x08017e90                memcpy
 .text.memset   0x08017ea6       0x10 /usr/lib/gcc/arm-none-eabi/4.9.3/../../../arm-none-eabi/lib/armv7e-m/fpu/libc_nano.a(lib_a-memset.o)
                0x08017ea6                memset
 *fill*         0x08017eb6        0x2 
 .text.strcasecmp
                0x08017eb8       0x3c /usr/lib/gcc/arm-none-eabi/4.9.3/../../../arm-none-eabi/lib/armv7e-m/fpu/libc_nano.a(lib_a-strcasecmp.o)
                0x08017eb8                strcasecmp
 .text.strcat   0x08017ef4       0x1e /usr/lib/gcc/arm-none-eabi/4.9.3/../../../arm-none-eabi/lib/armv7e-m/fpu/libc_nano.a(lib_a-strcat.o)
                0x08017ef4                strcat
 .text.strchr   0x08017f12       0x1c /usr/lib/gcc/arm-none-eabi/4.9.3/../../../arm-none-eabi/lib/armv7e-m/fpu/libc_nano.a(lib_a-strchr.o)
                0x08017f12                strchr
 .text.strlen   0x08017f2e       0x10 /usr/lib/gcc/arm-none-eabi/4.9.3/../../../arm-none-eabi/lib/armv7e-m/fpu/libc_nano.a(lib_a-strlen.o)
                0x08017f2e                strlen
 *fill*         0x08017f3e        0x2 
 .text.strncasecmp
                0x08017f40       0x48 /usr/lib/gcc/arm-none-eabi/4.9.3/../../../arm-none-eabi/lib/armv7e-m/fpu/libc_nano.a(lib_a-strncasecmp.o)
                0x08017f40                strncasecmp
 .text.strncpy  0x08017f88       0x24 /usr/lib/gcc/arm-none-eabi/4.9.3/../../../arm-none-eabi/lib/armv7e-m/fpu/libc_nano.a(lib_a-strncpy.o)
                0x08017f88                strncpy
 .text.strstr   0x08017fac       0x30 /usr/lib/gcc/arm-none-eabi/4.9.3/../../../arm-none-eabi/lib/armv7e-m/fpu/libc_nano.a(lib_a-strstr.o)
                0x08017fac                strstr
 *(.rodata)
 .rodata        0x08017fdc       0xe4 /tmp/ccGYWBCE.ltrans0.ltrans.o
                0x0801803c                hsv_white
 .rodata        0x080180c0      0x2b4 /tmp/ccGYWBCE.ltrans1.ltrans.o
 .rodata        0x08018374      0x180 /tmp/ccGYWBCE.ltrans2.ltrans.o
 .rodata        0x080184f4      0x2cb /tmp/ccGYWBCE.ltrans4.ltrans.o
 *fill*         0x080187bf        0x1 
 .rodata        0x080187c0        0x8 /tmp/ccGYWBCE.ltrans5.ltrans.o
 .rodata        0x080187c8       0x38 /tmp/ccGYWBCE.ltrans6.ltrans.o
                0x080187c8                hsv_green
                0x080187cc                hsv_red
                0x080187d0                hsv_yellow
                0x080187d4                hsv_blue
                0x080187fc                hsv_orange
 .rodata        0x08018800      0x4cc /tmp/ccGYWBCE.ltrans7.ltrans.o
                0x0801880c                mixerAtail4.lto_priv.463
                0x0801884c                mixerDualcopter.lto_priv.462
                0x0801886c                mixerHex6H.lto_priv.461
                0x080188cc                mixerVtail4.lto_priv.460
                0x0801890c                mixerOctoFlatX.lto_priv.459
                0x0801898c                mixerOctoFlatP.lto_priv.458
                0x08018a0c                mixerOctoX8.lto_priv.457
                0x08018a8c                mixerHex6X.lto_priv.456
                0x08018aec                mixerY4.lto_priv.455
                0x08018b2c                mixerSingleProp.lto_priv.454
                0x08018b3c                mixerHex6P.lto_priv.453
                0x08018b9c                mixerY6.lto_priv.452
                0x08018bfc                mixerBicopter.lto_priv.451
                0x08018c1c                mixerQuadX.lto_priv.450
                0x08018c5c                mixerQuadP.lto_priv.449
                0x08018c9c                mixerTricopter.lto_priv.448
 .rodata        0x08018ccc       0x18 /tmp/ccGYWBCE.ltrans9.ltrans.o
 .rodata        0x08018ce4       0xc4 /tmp/ccGYWBCE.ltrans10.ltrans.o
 .rodata        0x08018da8      0x213 /tmp/ccGYWBCE.ltrans12.ltrans.o
                0x08018e08                servoMixers
                0x08018efe                servoMixerSingle.lto_priv.470
                0x08018f36                servoMixerDual.lto_priv.469
                0x08018f44                servoMixerAirplane.lto_priv.468
                0x08018f67                servoMixerFlyingWing.lto_priv.467
                0x08018f8a                servoMixerGimbal.lto_priv.466
                0x08018f98                servoMixerBI.lto_priv.465
                0x08018fb4                servoMixerTri.lto_priv.464
 *fill*         0x08018fbb        0x1 
 .rodata        0x08018fbc       0x28 /tmp/ccGYWBCE.ltrans14.ltrans.o
 .rodata        0x08018fe4       0x20 /tmp/ccGYWBCE.ltrans16.ltrans.o
                0x08018fe4                baudRates
 .rodata        0x08019004      0x144 /tmp/ccGYWBCE.ltrans17.ltrans.o
                0x08019004                gpsInitData.lto_priv.396
 .rodata        0x08019148       0x22 /tmp/ccGYWBCE.ltrans19.ltrans.o
 *fill*         0x0801916a        0x2 
 .rodata        0x0801916c     0x133c /tmp/ccGYWBCE.ltrans22.ltrans.o
                0x080191d4                beeperTable.lto_priv.215
                0x08019374                valueTable
                0x0801a134                mixerNames.lto_priv.204
                0x0801a19c                cmdTable
                0x0801a37c                beep_armedBeep.lto_priv.229
                0x0801a381                beep_disarmRepeatBeep.lto_priv.228
                0x0801a385                beep_readyBeep.lto_priv.227
                0x0801a394                beep_2longerBeeps.lto_priv.226
                0x0801a399                beep_2shortBeeps.lto_priv.225
                0x0801a39e                beep_shortBeep.lto_priv.224
                0x0801a3a1                beep_lowBatteryBeep.lto_priv.223
                0x0801a3a4                beep_critBatteryBeep.lto_priv.222
                0x0801a3a7                beep_armedGpsFix.lto_priv.221
                0x0801a3b0                beep_armingBeep.lto_priv.220
                0x0801a3b5                beep_disarmBeep.lto_priv.219
                0x0801a3ba                beep_txLostBeep.lto_priv.218
                0x0801a3bd                beep_sos.lto_priv.217
                0x0801a3d0                beep_gyroCalibrated.lto_priv.216
                0x0801a4a4                SystemCoreClock
 *(.rodata*)
 .rodata.timerHardware
                0x0801a4a8      0x110 /tmp/ccGYWBCE.ltrans0.ltrans.o
                0x0801a4a8                timerHardware
 .rodata.str1.1
                0x0801a5b8      0x215 /tmp/ccGYWBCE.ltrans1.ltrans.o
                                0x226 (size before relaxing)
 .rodata.str1.1
                0x0801a7cd      0x14a /tmp/ccGYWBCE.ltrans2.ltrans.o
                                0x16a (size before relaxing)
 *fill*         0x0801a917        0x1 
 .rodata.frSkyDataIdTable
                0x0801a918       0x20 /tmp/ccGYWBCE.ltrans5.ltrans.o
 .rodata.hsv_black
                0x0801a938        0x4 /tmp/ccGYWBCE.ltrans6.ltrans.o
                0x0801a938                hsv_black
 .rodata.mixers
                0x0801a93c       0xd0 /tmp/ccGYWBCE.ltrans7.ltrans.o
                0x0801a93c                mixers
 .rodata.str1.1
                0x0801aa0c       0xf8 /tmp/ccGYWBCE.ltrans7.ltrans.o
                                0x106 (size before relaxing)
 .rodata.str1.1
                0x0801ab04       0xd6 /tmp/ccGYWBCE.ltrans8.ltrans.o
                                 0xfa (size before relaxing)
 .rodata.str1.1
                0x0801abda       0x3e /tmp/ccGYWBCE.ltrans9.ltrans.o
                                 0x41 (size before relaxing)
 .rodata.str1.1
                0x0801ac18        0x9 /tmp/ccGYWBCE.ltrans10.ltrans.o
 .rodata.str1.1
                0x0801ac21      0x3e5 /tmp/ccGYWBCE.ltrans12.ltrans.o
                                0x45a (size before relaxing)
 .rodata.serialPortIdentifiers
                0x0801b006        0x5 /tmp/ccGYWBCE.ltrans16.ltrans.o
                0x0801b006                serialPortIdentifiers
 .rodata.rcChannelLetters
                0x0801b00b       0x15 /tmp/ccGYWBCE.ltrans16.ltrans.o
                0x0801b00b                rcChannelLetters
 .rodata.str1.1
                0x0801b020       0xfb /tmp/ccGYWBCE.ltrans17.ltrans.o
                                 0xfc (size before relaxing)
 .rodata.cyclePageIds
                0x0801b11b        0x5 /tmp/ccGYWBCE.ltrans19.ltrans.o
 .rodata.str1.1
                0x0801b120      0x139 /tmp/ccGYWBCE.ltrans19.ltrans.o
                                0x166 (size before relaxing)
 .rodata.str1.1
                0x0801b259       0x27 /tmp/ccGYWBCE.ltrans20.ltrans.o
 .rodata.str1.1
                0x0801b280     0x11ca /tmp/ccGYWBCE.ltrans22.ltrans.o
                               0x12cc (size before relaxing)
 .rodata._ctype_
                0x0801c44a      0x101 /usr/lib/gcc/arm-none-eabi/4.9.3/../../../arm-none-eabi/lib/armv7e-m/fpu/libc_nano.a(lib_a-ctype_.o)
                0x0801c44a                _ctype_
 .rodata.str1.1
                0x0801c54b        0x0 /usr/lib/gcc/arm-none-eabi/4.9.3/../../../arm-none-eabi/lib/armv7e-m/fpu/libc_nano.a(lib_a-impure.o)
                                  0x2 (size before relaxing)
 *fill*         0x0801c54b        0x1 
 .rodata.TWO23  0x0801c54c        0x8 /usr/lib/gcc/arm-none-eabi/4.9.3/../../../arm-none-eabi/lib/armv7e-m/fpu/libm.a(lib_a-sf_lrint.o)
 .rodata.str1.4
                0x0801c554        0x5 /usr/lib/gcc/arm-none-eabi/4.9.3/../../../arm-none-eabi/lib/armv7e-m/fpu/libm.a(lib_a-wf_pow.o)
                                  0x8 (size before relaxing)
 *fill*         0x0801c559        0x3 
 .rodata.str1.4
                0x0801c55c        0x6 /usr/lib/gcc/arm-none-eabi/4.9.3/../../../arm-none-eabi/lib/armv7e-m/fpu/libm.a(lib_a-wf_sqrt.o)
                                  0x8 (size before relaxing)
 *fill*         0x0801c562        0x2 
 .rodata.dp_h   0x0801c564        0x8 /usr/lib/gcc/arm-none-eabi/4.9.3/../../../arm-none-eabi/lib/armv7e-m/fpu/libm.a(lib_a-ef_pow.o)
 .rodata.dp_l   0x0801c56c        0x8 /usr/lib/gcc/arm-none-eabi/4.9.3/../../../arm-none-eabi/lib/armv7e-m/fpu/libm.a(lib_a-ef_pow.o)
 .rodata.bp     0x0801c574        0x8 /usr/lib/gcc/arm-none-eabi/4.9.3/../../../arm-none-eabi/lib/armv7e-m/fpu/libm.a(lib_a-ef_pow.o)
 .rodata.str1.4
                0x0801c57c        0x8 /usr/lib/gcc/arm-none-eabi/4.9.3/../../../arm-none-eabi/lib/armv7e-m/fpu/libm.a(lib_a-ef_pow.o)
                                  0x4 (size before relaxing)
 .rodata.npio2_hw
                0x0801c57c       0x80 /usr/lib/gcc/arm-none-eabi/4.9.3/../../../arm-none-eabi/lib/armv7e-m/fpu/libm.a(lib_a-ef_rem_pio2.o)
 .rodata.two_over_pi
                0x0801c5fc      0x318 /usr/lib/gcc/arm-none-eabi/4.9.3/../../../arm-none-eabi/lib/armv7e-m/fpu/libm.a(lib_a-ef_rem_pio2.o)
 .rodata.init_jk
                0x0801c914        0xc /usr/lib/gcc/arm-none-eabi/4.9.3/../../../arm-none-eabi/lib/armv7e-m/fpu/libm.a(lib_a-kf_rem_pio2.o)
 .rodata.PIo2   0x0801c920       0x2c /usr/lib/gcc/arm-none-eabi/4.9.3/../../../arm-none-eabi/lib/armv7e-m/fpu/libm.a(lib_a-kf_rem_pio2.o)
 *fill*         0x0801c94c        0x4 
 .rodata.TWO52  0x0801c950       0x10 /usr/lib/gcc/arm-none-eabi/4.9.3/../../../arm-none-eabi/lib/armv7e-m/fpu/libm.a(lib_a-s_rint.o)
 *(.glue_7)
 .glue_7        0x0801c960        0x0 linker stubs
 *(.glue_7t)
 .glue_7t       0x0801c960        0x0 linker stubs
 *(.eh_frame)
 *(.init)
 *(.fini)
                0x0801c960                . = ALIGN (0x4)
                0x0801c960                _etext = .

.vfp11_veneer   0x0801c960        0x0
 .vfp11_veneer  0x0801c960        0x0 linker stubs

.v4_bx          0x0801c960        0x0
 .v4_bx         0x0801c960        0x0 linker stubs

.iplt           0x0801c960        0x0
 .iplt          0x0801c960        0x0 obj/main/SPRACINGF3/startup_stm32f30x_md_gcc.o

.ARM.extab
 *(.ARM.extab* .gnu.linkonce.armextab.*)

.ARM            0x0801c960        0x8
                0x0801c960                __exidx_start = .
 *(.ARM.exidx*)
 .ARM.exidx     0x0801c960        0x8 /usr/lib/gcc/arm-none-eabi/4.9.3/armv7e-m/fpu/libgcc.a(_divdi3.o)
 .ARM.exidx     0x0801c968        0x0 /usr/lib/gcc/arm-none-eabi/4.9.3/armv7e-m/fpu/libgcc.a(_udivdi3.o)
                                  0x8 (size before relaxing)
                0x0801c968                __exidx_end = .

.rel.dyn        0x0801c968        0x0
 .rel.iplt      0x0801c968        0x0 obj/main/SPRACINGF3/startup_stm32f30x_md_gcc.o

.preinit_array  0x0801c968        0x0
                [!provide]                PROVIDE (__preinit_array_start, .)
 *(.preinit_array*)
                [!provide]                PROVIDE (__preinit_array_end, .)

.init_array     0x0801c968        0x0
                [!provide]                PROVIDE (__init_array_start, .)
 *(SORT(.init_array.*))
 *(.init_array*)
                [!provide]                PROVIDE (__init_array_end, .)

.fini_array     0x0801c968        0x0
                [!provide]                PROVIDE (__fini_array_start, .)
 *(.fini_array*)
 *(SORT(.fini_array.*))
                [!provide]                PROVIDE (__fini_array_end, .)
                0x0801c968                _sidata = .

.data           0x20000000      0x3f8 load address 0x0801c968
                0x20000000                . = ALIGN (0x4)
                0x20000000                _sdata = .
 *(.data)
 .data          0x20000000        0x3 /tmp/ccGYWBCE.ltrans3.ltrans.o
                0x20000000                rxIsInFailsafeMode.lto_priv.275
                0x20000001                rxIsInFailsafeModeNotDataDriven.lto_priv.277
                0x20000002                isUsingSticksToArm.lto_priv.309
 *fill*         0x20000003        0x1 
 .data          0x20000004        0x3 /tmp/ccGYWBCE.ltrans5.ltrans.o
                0x20000004                acc_1G
 .data          0x20000007        0x3 /tmp/ccGYWBCE.ltrans6.ltrans.o
 .data          0x2000000a       0x31 /tmp/ccGYWBCE.ltrans8.ltrans.o
                0x2000003a                standardBoardAlignment.lto_priv.430
 *fill*         0x2000003b        0x1 
 .data          0x2000003c        0x4 /tmp/ccGYWBCE.ltrans11.ltrans.o
                0x2000003c                GPS_scaleLonDown.lto_priv.524
 .data          0x20000040       0x10 /tmp/ccGYWBCE.ltrans12.ltrans.o
                0x20000040                geometry.lto_priv.314
 .data          0x20000050        0x4 /tmp/ccGYWBCE.ltrans13.ltrans.o
                0x20000050                q0.lto_priv.354
 .data          0x20000054        0xc /tmp/ccGYWBCE.ltrans15.ltrans.o
 .data          0x20000060        0x4 /tmp/ccGYWBCE.ltrans16.ltrans.o
                0x20000060                rcReadRawFunc.lto_priv.270
 .data          0x20000064        0x4 /tmp/ccGYWBCE.ltrans18.ltrans.o
                0x20000064                realtimeGuardInterval.lto_priv.477
 .data          0x20000068        0x4 /tmp/ccGYWBCE.ltrans22.ltrans.o
 .data          0x2000006c        0x4 /tmp/ccGYWBCE.ltrans24.ltrans.o
                0x2000006c                measurement.lto_priv.532
 *(.data*)
 .data.GPS_hdop
                0x20000070        0x2 /tmp/ccGYWBCE.ltrans5.ltrans.o
                0x20000070                GPS_hdop
 *fill*         0x20000072        0x2 
 .data.cfTasks  0x20000074      0x30c /tmp/ccGYWBCE.ltrans8.ltrans.o
                0x20000074                cfTasks
 .data.pid_controller
                0x20000380        0x4 /tmp/ccGYWBCE.ltrans13.ltrans.o
                0x20000380                pid_controller
 .data.currentTaskId
                0x20000384        0x1 /tmp/ccGYWBCE.ltrans17.ltrans.o
                0x20000384                currentTaskId
 .data.detectedSensors
                0x20000385        0x4 /tmp/ccGYWBCE.ltrans22.ltrans.o
                0x20000385                detectedSensors
 .data.batteryCellCount
                0x20000389        0x1 /tmp/ccGYWBCE.ltrans22.ltrans.o
                0x20000389                batteryCellCount
 *fill*         0x2000038a        0x2 
 .data.__ctype_ptr__
                0x2000038c        0x4 /usr/lib/gcc/arm-none-eabi/4.9.3/../../../arm-none-eabi/lib/armv7e-m/fpu/libc_nano.a(lib_a-ctype_.o)
                0x2000038c                __ctype_ptr__
 .data.impure_data
                0x20000390       0x60 /usr/lib/gcc/arm-none-eabi/4.9.3/../../../arm-none-eabi/lib/armv7e-m/fpu/libc_nano.a(lib_a-impure.o)
 .data._impure_ptr
                0x200003f0        0x4 /usr/lib/gcc/arm-none-eabi/4.9.3/../../../arm-none-eabi/lib/armv7e-m/fpu/libc_nano.a(lib_a-impure.o)
                0x200003f0                _impure_ptr
 .data.__fdlib_version
                0x200003f4        0x1 /usr/lib/gcc/arm-none-eabi/4.9.3/../../../arm-none-eabi/lib/armv7e-m/fpu/libm.a(lib_a-s_lib_ver.o)
                0x200003f4                __fdlib_version
                0x200003f8                . = ALIGN (0x4)
 *fill*         0x200003f5        0x3 
                0x200003f8                _edata = .

.igot.plt       0x200003f8        0x0 load address 0x0801cd60
 .igot.plt      0x200003f8        0x0 obj/main/SPRACINGF3/startup_stm32f30x_md_gcc.o
                0x200003f8                . = ALIGN (0x4)

.bss            0x200003f8     0x35c8 load address 0x0801cd60
                0x200003f8                _sbss = .
                0x200003f8                __bss_start__ = _sbss
 *(.bss)
 .bss           0x200003f8      0x52c /tmp/ccGYWBCE.ltrans0.ltrans.o
                0x20000428                inputFilteringMode.lto_priv.544
                0x2000042c                ppmDev
                0x20000554                servos.lto_priv.546
                0x20000578                I2Cx.lto_priv.547
                0x2000057c                displayPresent.lto_priv.513
                0x20000584                mpuDetectionResult
                0x20000588                mpuConfiguration
                0x20000594                mpuIntExtiConfig.lto_priv.538
                0x20000598                ms5611_c.lto_priv.537
                0x200005a8                mpuDividerDrops
                0x200005ac                hmc5883Config.lto_priv.536
                0x200005b8                gpsPacketLog
                0x200005d2                ledStripDMABuffer
                0x200008fc                telemetryConfig.lto_priv.381
                0x20000900                portConfig.lto_priv.384
                0x20000904                frskyPortSharing.lto_priv.511
                0x20000905                hottPortSharing.lto_priv.509
                0x20000908                telemetryConfig.lto_priv.382
                0x2000090c                portConfig.lto_priv.386
                0x20000910                smartPortPortSharing.lto_priv.506
                0x20000918                portConfig.lto_priv.387
                0x2000091c                ltmPortSharing.lto_priv.504
                0x2000091d                couldBeBusy.lto_priv.531
                0x20000920                tailAddress.lto_priv.489
 *fill*         0x20000924        0x4 
 .bss           0x20000928      0x6cb /tmp/ccGYWBCE.ltrans1.ltrans.o
                0x20000936                gyroAlign
                0x20000938                gyroLpfCutFreq.lto_priv.488
                0x200009b0                gyroConfig.lto_priv.487
                0x20000a08                imuRuntimeConfig.lto_priv.418
                0x20000a30                gyroScale.lto_priv.419
                0x20000a40                magneticDeclination
                0x20000a44                smallAngleCosZ
                0x20000a50                fc_acc
                0x20000a54                accDeadband.lto_priv.482
                0x20000a58                lookupYawRC
                0x20000a6c                rxRefreshRate.lto_priv.398
                0x20000a84                rcControlsConfig.lto_priv.481
                0x20000a8c                escAndServoConfig.lto_priv.342
                0x20000a90                throttleAngleScale
                0x20000a94                mixerConfig.lto_priv.484
                0x20000a98                currentMixer.lto_priv.434
                0x20000b58                rxConfig.lto_priv.485
                0x20000b5c                currentMixerMode.lto_priv.433
                0x20000b80                gimbalConfig.lto_priv.483
                0x20000fc8                motorControlEnable
                0x20000fcc                blackboxPort.lto_priv.376
                0x20000fd0                blackboxHeaderBudget
                0x20000fd4                blackboxMaxHeaderBytesPerIteration.lto_priv.374
                0x20000fd8                xmitState.lto_priv.372
                0x20000fe0                blackboxConditionCache.lto_priv.369
                0x20000fe4                vbatReference.lto_priv.365
                0x20000fe6                blackboxSlowFrameIterationTimer.lto_priv.373
                0x20000fe8                blackboxPFrameIndex.lto_priv.368
                0x20000fec                blackboxIteration.lto_priv.367
                0x20000ff0                blackboxModeActivationConditionPresent.lto_priv.366
                0x20000ff1                blackboxPortSharing.lto_priv.375
                0x20000ff2                blackboxLoggedAnyFrames.lto_priv.371
 *fill*         0x20000ff3        0x1 
 .bss           0x20000ff4      0x170 /tmp/ccGYWBCE.ltrans2.ltrans.o
                0x20000ff4                printfSerialPort.lto_priv.478
                0x20001014                servo
                0x20001024                GPS_ground_course
                0x20001026                GPS_update
                0x20001027                GPS_numCh
                0x20001028                GPS_svinfo_chn
                0x20001038                GPS_svinfo_svid
                0x20001048                GPS_svinfo_quality
                0x20001058                GPS_svinfo_cno
                0x20001068                debug
                0x20001070                serialPortCount.lto_priv.432
                0x20001071                blackboxState.lto_priv.341
                0x200010d4                pwmIOConfiguration.lto_priv.435
 .bss           0x20001164      0x1dc /tmp/ccGYWBCE.ltrans3.ltrans.o
                0x20001164                rxUpdateAt.lto_priv.274
                0x2000118c                rxSignalReceivedNotDataDriven.lto_priv.276
                0x2000118e                rcSampleIndex.lto_priv.397
                0x200011d8                rcInvalidPulsPeriod
                0x2000123a                rxFlightChannelsValid.lto_priv.500
                0x20001254                rxConfig.lto_priv.265
                0x20001258                deadband3dThrottle.lto_priv.417
                0x2000125c                disarmAt.lto_priv.364
                0x20001263                AccInflightCalibrationMeasurementDone
                0x20001264                AccInflightCalibrationSavetoEEProm
                0x20001266                calibratingA
                0x20001268                InflightcalibratingA
                0x2000126a                AccInflightCalibrationActive
                0x2000126c                adjustmentStates
                0x200012a0                escAndServoConfig.lto_priv.308
                0x200012a4                magHold
                0x200012a6                headFreeModeHold
                0x200012a8                nav_mode
                0x200012ac                gpsProfile.lto_priv.347
                0x200012b0                GPS_hold
                0x200012e4                poshold_ratePID.lto_priv.515
                0x2000130c                navPID.lto_priv.516
                0x20001334                nav_rated.lto_priv.349
                0x20001338                nav.lto_priv.348
                0x2000133c                isRXDataNew.lto_priv.351
                0x2000133d                haveProcessedAnnexCodeOnce.lto_priv.340
                0x2000133e                initialThrottleHold.lto_priv.350
 .bss           0x20001340      0x6cc /tmp/ccGYWBCE.ltrans4.ltrans.o
 .bss           0x20001a0c       0xf0 /tmp/ccGYWBCE.ltrans5.ltrans.o
                0x20001a0c                frskyTelemetryEnabled.lto_priv.512
                0x20001a16                accSmooth
                0x20001a1c                vario
                0x20001a20                BaroAlt
                0x20001a24                baroTemperature
                0x20001a2c                telemetryConfig.lto_priv.237
                0x20001a30                amperage
                0x20001a34                stateFlags
                0x20001a36                GPS_speed
                0x20001a38                GPS_altitude
                0x20001a3a                GPS_numSat
                0x20001a3c                GPS_coord
                0x20001a44                hottTelemetryEnabled.lto_priv.510
                0x20001a4c                hottEAMMessage.lto_priv.388
                0x20001a7c                telemetryConfig.lto_priv.238
                0x20001a80                hottGPSMessage.lto_priv.389
                0x20001aac                GPS_distanceToHome
                0x20001aae                GPS_directionToHome
                0x20001ab8                hottPort.lto_priv.503
                0x20001ac8                portConfig.lto_priv.385
                0x20001ace                smartPortTelemetryEnabled.lto_priv.507
                0x20001ad0                smartPortSerialPort.lto_priv.502
                0x20001ad4                smartPortState
                0x20001ad8                smartPortLastRequestTime.lto_priv.508
                0x20001adf                ltmEnabled.lto_priv.505
                0x20001ae0                ltmPort.lto_priv.501
                0x20001aec                EstAlt.lto_priv.254
                0x20001af0                rssi
                0x20001af4                GPS_home
 .bss           0x20001afc       0xa0 /tmp/ccGYWBCE.ltrans6.ltrans.o
                0x20001afc                ledStripInitialised.lto_priv.390
                0x20001afe                ledColorBuffer.lto_priv.391
                0x20001b8c                ledCount
                0x20001b90                rxSignalReceived.lto_priv.259
                0x20001b98                highestYValueForNorth
                0x20001b99                lowestXValueForEast
                0x20001b9a                lowestYValueForSouth
                0x20001b9b                highestXValueForWest
 .bss           0x20001b9c       0x5c /tmp/ccGYWBCE.ltrans7.ltrans.o
                0x20001b9e                lookupThrottleRC
                0x20001bb6                lookupPitchRollRC
                0x20001bc4                beeperIsOn.lto_priv.302
                0x20001bc8                beeperNextToggleTime.lto_priv.301
                0x20001bcc                beeperPos.lto_priv.303
                0x20001bd0                currentBeeperEntry.lto_priv.300
                0x20001bd4                dmaHandlers.lto_priv.392
                0x20001be4                usTicks.lto_priv.446
                0x20001be8                extiHandlerConfigs.lto_priv.230
 .bss           0x20001bf8      0x358 /tmp/ccGYWBCE.ltrans8.ltrans.o
                0x20001bf8                ibusChannelData.lto_priv.281
                0x20001c51                xBusChannelCount.lto_priv.408
                0x20001c52                xBusFrameReceived.lto_priv.282
                0x20001c54                spekChannelData.lto_priv.299
                0x20001c84                sumhChannels.lto_priv.285
                0x20001ca4                sumdChannels.lto_priv.290
                0x20001cc4                sbusChannelData.lto_priv.293
                0x20001d0c                mspFrame.lto_priv.310
                0x20001d30                captures.lto_priv.278
                0x20001d4d                ibus.lto_priv.280
                0x20001d6d                ibusFrameDone.lto_priv.279
                0x20001d78                xBusFramePosition.lto_priv.406
                0x20001d79                xBusDataIncoming.lto_priv.405
                0x20001d7a                xBusFrameLength.lto_priv.407
                0x20001d7b                xBusProvider.lto_priv.409
                0x20001d81                spekFrame.lto_priv.295
                0x20001d91                rcFrameComplete.lto_priv.294
                0x20001d9d                sumhFrame.lto_priv.284
                0x20001db2                sumhFrameDone.lto_priv.283
                0x20001db9                sumdFrameDone.lto_priv.286
                0x20001dba                crc.lto_priv.287
                0x20001dbc                sumdChannelCount.lto_priv.288
                0x20001dbd                sumd.lto_priv.289
                0x20001de9                sbusFrame.lto_priv.292
                0x20001e02                sbusFrameDone.lto_priv.291
                0x20001e0c                boardRotation.lto_priv.431
                0x20001e30                batteryConfig
                0x20001e34                mAhDrawn
                0x20001e38                adcConfig
                0x20001e48                adcValues
                0x20001e50                vbatLatestADC
                0x20001ee0                vbat
                0x20001ee4                rxConfig.lto_priv.266
                0x20001ee8                suspendRxSignalUntil.lto_priv.269
                0x20001eec                skipRxSamples.lto_priv.268
                0x20001ef0                sysTickUptime.lto_priv.181
                0x20001ef4                failsafeState.lto_priv.235
                0x20001f18                warningLedState.lto_priv.214
                0x20001f1c                warningLedTimer.lto_priv.352
                0x20001f20                flightModeFlags
                0x20001f24                rcModeActivationMask
                0x20001f28                activeBoxIdCount.lto_priv.312
                0x20001f29                activeBoxIds.lto_priv.313
                0x20001f44                currentPort.lto_priv.305
                0x20001f48                writer.lto_priv.306
                0x20001f4c                mspSerialPort.lto_priv.307
 .bss           0x20001f50        0x7 /tmp/ccGYWBCE.ltrans9.ltrans.o
 *fill*         0x20001f57        0x1 
 .bss           0x20001f58       0x9a /tmp/ccGYWBCE.ltrans10.ltrans.o
                0x20001f70                bufferHead.lto_priv.493
                0x20001f71                bufferTail.lto_priv.530
                0x20001f72                flashWriteBuffer.lto_priv.494
 *fill*         0x20001ff2        0x2 
 .bss           0x20001ff4      0x242 /tmp/ccGYWBCE.ltrans11.ltrans.o
                0x200021d8                GPS_WP.lto_priv.518
                0x200021e0                wp_distance.lto_priv.519
                0x200021e4                target_bearing.lto_priv.520
                0x200021e8                error.lto_priv.525
                0x200021f0                posholdPID_PARAM.lto_priv.526
                0x20002200                poshold_ratePID_PARAM.lto_priv.527
                0x20002214                waypoint_speed_gov.lto_priv.523
                0x20002218                original_target_bearing.lto_priv.522
                0x20002220                nav_bearing.lto_priv.521
                0x20002224                navPID_PARAM.lto_priv.528
                0x20002234                nav_takeoff_bearing.lto_priv.529
 *fill*         0x20002236        0x2 
 .bss           0x20002238       0x44 /tmp/ccGYWBCE.ltrans12.ltrans.o
                0x20002238                cliBuffer.lto_priv.318
                0x20002268                bufferIndex.lto_priv.317
                0x2000226c                currentProfile
                0x20002270                colors
                0x20002274                ledConfigs
                0x20002278                servoConf.lto_priv.231
 .bss           0x2000227c      0x360 /tmp/ccGYWBCE.ltrans13.ltrans.o
                0x2000227c                rcCommand
                0x20002284                attitude
                0x2000228a                gyroADC
                0x20002290                PIDweight
                0x20002294                errorGyroI.lto_priv.263
                0x200022a0                targetLooptime
                0x200022c8                axisPID
                0x200022d0                axisPID_P
                0x200022dc                axisPID_I
                0x200022e8                axisPID_D
                0x200022f4                deltaFilterState.lto_priv.233
                0x2000236c                gyro
                0x20002380                errorGyroIf.lto_priv.264
                0x2000238c                dT
                0x200023a8                errorAngleI.lto_priv.234
                0x200023b0                dynP8
                0x200023c8                dynD8
                0x200023cb                motorCount
                0x200023cc                motor
                0x200023e4                motors.lto_priv.436
                0x20002414                timerConfig
                0x2000252c                flight3DConfig.lto_priv.344
                0x20002530                escAndServoConfig.lto_priv.343
                0x20002534                servoRuleCount.lto_priv.346
                0x20002535                currentServoMixer.lto_priv.345
                0x200025a8                customServoMixers.lto_priv.443
                0x200025ac                q1.lto_priv.355
                0x200025b0                q2.lto_priv.356
                0x200025b4                q3.lto_priv.357
                0x200025b8                rMat.lto_priv.255
 .bss           0x200025dc      0x4c8 /tmp/ccGYWBCE.ltrans14.ltrans.o
 .bss           0x20002aa4       0x1c /tmp/ccGYWBCE.ltrans15.ltrans.o
                0x20002aac                mpuDataReady.lto_priv.539
 .bss           0x20002ac0      0x934 /tmp/ccGYWBCE.ltrans16.ltrans.o
                0x20002ac0                string.8892.lto_priv.517
                0x20002ad0                rcData
                0x20002af4                mspPorts.lto_priv.179
                0x20002b8c                masterConfig
                0x2000339c                rxRuntimeConfigPtr.lto_priv.297
                0x200033a0                rxRuntimeConfig
                0x200033a2                spek_chan_shift.lto_priv.296
                0x200033a3                spek_chan_mask.lto_priv.298
                0x200033a4                spekHiRes.lto_priv.177
                0x200033a8                serialConfig.lto_priv.212
                0x200033ac                findSharedSerialPortState.lto_priv.258
                0x200033b0                serialPortUsageList.lto_priv.211
                0x200033ec                pidProfile.lto_priv.260
                0x200033f0                activeFeaturesLatch.lto_priv.178
 .bss           0x200033f4      0x1b8 /tmp/ccGYWBCE.ltrans17.ltrans.o
                0x200033f8                baro
                0x2000341c                barometerConfig.lto_priv.252
                0x200034f8                currentTime
                0x20003510                sonarMaxTiltCos
                0x20003514                calculatedAltitude.lto_priv.315
                0x20003518                sonarCfAltCm
                0x20003520                sonarMaxAltWithTiltCm
                0x20003524                accSumCount
                0x20003528                accSum
                0x20003534                accVelScale
                0x20003538                barometerConfig.lto_priv.253
                0x20003544                AltHold
                0x20003548                pidProfile.lto_priv.479
                0x2000354c                errorVelocityI
                0x20003550                altHoldThrottleAdjustment
                0x20003554                velocityControl
                0x20003558                lastMeasurementAt.lto_priv.394
                0x2000355c                sonarHardware.lto_priv.393
                0x20003560                mag
                0x20003568                magADC
                0x20003580                magInit.lto_priv.420
                0x20003584                gpsData
                0x200035a4                gpsConfig.lto_priv.395
 .bss           0x200035ac      0x1a8 /tmp/ccGYWBCE.ltrans18.ltrans.o
                0x200035ac                gpsHistory.lto_priv.495
                0x200035c0                blackboxHistory.lto_priv.497
                0x200035cc                blackboxHistoryRing.lto_priv.498
                0x20003740                blackboxIFrameIndex.lto_priv.496
                0x20003744                blackboxLastArmingBeep.lto_priv.499
                0x20003748                systemState.lto_priv.377
                0x2000374c                totalWaitingTasksSamples.lto_priv.475
                0x20003750                totalWaitingTasks.lto_priv.476
 .bss           0x20003754       0x40 /tmp/ccGYWBCE.ltrans19.ltrans.o
                0x20003778                GPS_packetCount
                0x20003780                GPS_svInfoReceivedCount
                0x2000378c                GPS_garbageByteCount
 .bss           0x20003794      0x100 /tmp/ccGYWBCE.ltrans21.ltrans.o
                0x20003798                uartPort3.lto_priv.541
                0x200037ec                uartPort2.lto_priv.542
                0x20003840                uartPort1.lto_priv.543
 .bss           0x20003894       0x6a /tmp/ccGYWBCE.ltrans22.ltrans.o
                0x20003894                cliPort.lto_priv.316
                0x20003898                gpsPort.lto_priv.256
                0x2000389c                pageState.lto_priv.262
                0x200038b0                cliWriter.lto_priv.203
                0x200038b4                currentControlRateProfileIndex.lto_priv.261
                0x200038b8                currentControlRateProfile
                0x200038bc                motor_disarmed
                0x200038d4                averageSystemLoadPercent
                0x200038d6                batteryState.lto_priv.236
                0x200038d8                enabledSensors.lto_priv.239
                0x200038dc                acc
                0x200038e8                beep_multiBeeps.lto_priv.213
 *fill*         0x200038fe        0x2 
 .bss           0x20003900       0x2c /tmp/ccGYWBCE.ltrans23.ltrans.o
                0x20003905                rxMspFrameDone.lto_priv.311
                0x20003906                ppmFrameCount.lto_priv.545
                0x2000390c                batteryWarningVoltage
                0x2000390e                batteryCriticalVoltage
                0x20003918                amperageLatestADC
                0x20003928                armingBeepTimeMicros.lto_priv.370
 .bss           0x2000392c       0x21 /tmp/ccGYWBCE.ltrans24.ltrans.o
 *fill*         0x2000394d        0x3 
 .bss           0x20003950       0x31 /tmp/ccGYWBCE.ltrans25.ltrans.o
                0x20003950                accADC
                0x20003958                accelerationTrims.lto_priv.486
                0x20003980                isAccelUpdatedAtLeastOnce.lto_priv.353
 *fill*         0x20003981        0x3 
 .bss           0x20003984       0x10 /tmp/ccGYWBCE.ltrans26.ltrans.o
                0x20003990                failsafeConfig.lto_priv.267
 *(SORT(.bss*))
 .bss.systemBeepPtr
                0x20003994        0x4 /tmp/ccGYWBCE.ltrans13.ltrans.o
                0x20003994                systemBeepPtr
 .bss.accTimeSum
                0x20003998        0x4 /tmp/ccGYWBCE.ltrans17.ltrans.o
                0x20003998                accTimeSum
 .bss.setVelocity
                0x2000399c        0x4 /tmp/ccGYWBCE.ltrans17.ltrans.o
                0x2000399c                setVelocity
 .bss.__malloc_sbrk_start
                0x200039a0        0x4 /usr/lib/gcc/arm-none-eabi/4.9.3/../../../arm-none-eabi/lib/armv7e-m/fpu/libc_nano.a(lib_a-nano-mallocr.o)
                0x200039a0                __malloc_sbrk_start
 .bss.__malloc_free_list
                0x200039a4        0x4 /usr/lib/gcc/arm-none-eabi/4.9.3/../../../arm-none-eabi/lib/armv7e-m/fpu/libc_nano.a(lib_a-nano-mallocr.o)
                0x200039a4                __malloc_free_list
 .bss.heap_end.4079
                0x200039a8        0x4 /usr/lib/gcc/arm-none-eabi/4.9.3/../../../arm-none-eabi/lib/armv7e-m/fpu/libnosys.a(sbrk.o)
 .bss.calibratingG
                0x200039ac        0x2 /tmp/ccGYWBCE.ltrans3.ltrans.o
                0x200039ac                calibratingG
 .bss.GPS_angle
                0x200039ae        0x4 /tmp/ccGYWBCE.ltrans13.ltrans.o
                0x200039ae                GPS_angle
 .bss.calibratingB
                0x200039b2        0x2 /tmp/ccGYWBCE.ltrans17.ltrans.o
                0x200039b2                calibratingB
 .bss.cycleTime
                0x200039b4        0x2 /tmp/ccGYWBCE.ltrans22.ltrans.o
                0x200039b4                cycleTime
 .bss.CHAR_FORMAT
                0x200039b6        0x1 /tmp/ccGYWBCE.ltrans4.ltrans.o
 .bss.ws2811LedDataTransferInProgress
                0x200039b7        0x1 /tmp/ccGYWBCE.ltrans6.ltrans.o
                0x200039b7                ws2811LedDataTransferInProgress
 .bss.armingFlags
                0x200039b8        0x1 /tmp/ccGYWBCE.ltrans8.ltrans.o
                0x200039b8                armingFlags
 .bss.cliMode   0x200039b9        0x1 /tmp/ccGYWBCE.ltrans12.ltrans.o
                0x200039b9                cliMode
 .bss.magAlign  0x200039ba        0x1 /tmp/ccGYWBCE.ltrans17.ltrans.o
                0x200039ba                magAlign
 .bss.accAlign  0x200039bb        0x1 /tmp/ccGYWBCE.ltrans25.ltrans.o
                0x200039bb                accAlign
 *(COMMON)
 COMMON         0x200039bc        0x4 /usr/lib/gcc/arm-none-eabi/4.9.3/../../../arm-none-eabi/lib/armv7e-m/fpu/libc_nano.a(lib_a-reent.o)
                0x200039bc                errno
                0x200039c0                . = ALIGN (0x4)
                0x200039c0                _ebss = .
                0x200039c0                __bss_end__ = _ebss

._user_heap_stack
                0x200039c0      0x400 load address 0x0801cd60
                0x200039c0                . = ALIGN (0x4)
                0x200039c0                PROVIDE (end, .)
                [!provide]                PROVIDE (_end, .)
                0x200039c0                . = (. + _Min_Heap_Size)
                0x20003dc0                . = (. + _Min_Stack_Size)
 *fill*         0x200039c0      0x400 
                0x20003dc0                . = ALIGN (0x4)

.memory_b1_text
 *(.mb1text)
 *(.mb1text*)
 *(.mb1rodata)
 *(.mb1rodata*)

/DISCARD/
 libc.a(*)
 libm.a(*)
 libgcc.a(*)

.ARM.attributes
                0x00000000       0x35
 *(.ARM.attributes)
 .ARM.attributes
                0x00000000       0x21 obj/main/SPRACINGF3/startup_stm32f30x_md_gcc.o
 .ARM.attributes
                0x00000021       0x37 /tmp/ccGYWBCE.ltrans0.ltrans.o
 .ARM.attributes
                0x00000058       0x37 /tmp/ccGYWBCE.ltrans1.ltrans.o
 .ARM.attributes
                0x0000008f       0x37 /tmp/ccGYWBCE.ltrans2.ltrans.o
 .ARM.attributes
                0x000000c6       0x37 /tmp/ccGYWBCE.ltrans3.ltrans.o
 .ARM.attributes
                0x000000fd       0x37 /tmp/ccGYWBCE.ltrans4.ltrans.o
 .ARM.attributes
                0x00000134       0x37 /tmp/ccGYWBCE.ltrans5.ltrans.o
 .ARM.attributes
                0x0000016b       0x37 /tmp/ccGYWBCE.ltrans6.ltrans.o
 .ARM.attributes
                0x000001a2       0x37 /tmp/ccGYWBCE.ltrans7.ltrans.o
 .ARM.attributes
                0x000001d9       0x37 /tmp/ccGYWBCE.ltrans8.ltrans.o
 .ARM.attributes
                0x00000210       0x37 /tmp/ccGYWBCE.ltrans9.ltrans.o
 .ARM.attributes
                0x00000247       0x37 /tmp/ccGYWBCE.ltrans10.ltrans.o
 .ARM.attributes
                0x0000027e       0x37 /tmp/ccGYWBCE.ltrans11.ltrans.o
 .ARM.attributes
                0x000002b5       0x37 /tmp/ccGYWBCE.ltrans12.ltrans.o
 .ARM.attributes
                0x000002ec       0x37 /tmp/ccGYWBCE.ltrans13.ltrans.o
 .ARM.attributes
                0x00000323       0x37 /tmp/ccGYWBCE.ltrans14.ltrans.o
 .ARM.attributes
                0x0000035a       0x37 /tmp/ccGYWBCE.ltrans15.ltrans.o
 .ARM.attributes
                0x00000391       0x37 /tmp/ccGYWBCE.ltrans16.ltrans.o
 .ARM.attributes
                0x000003c8       0x37 /tmp/ccGYWBCE.ltrans17.ltrans.o
 .ARM.attributes
                0x000003ff       0x37 /tmp/ccGYWBCE.ltrans18.ltrans.o
 .ARM.attributes
                0x00000436       0x37 /tmp/ccGYWBCE.ltrans19.ltrans.o
 .ARM.attributes
                0x0000046d       0x37 /tmp/ccGYWBCE.ltrans20.ltrans.o
 .ARM.attributes
                0x000004a4       0x37 /tmp/ccGYWBCE.ltrans21.ltrans.o
 .ARM.attributes
                0x000004db       0x37 /tmp/ccGYWBCE.ltrans22.ltrans.o
 .ARM.attributes
                0x00000512       0x37 /tmp/ccGYWBCE.ltrans23.ltrans.o
 .ARM.attributes
                0x00000549       0x37 /tmp/ccGYWBCE.ltrans24.ltrans.o
 .ARM.attributes
                0x00000580       0x37 /tmp/ccGYWBCE.ltrans25.ltrans.o
 .ARM.attributes
                0x000005b7       0x37 /tmp/ccGYWBCE.ltrans26.ltrans.o
 .ARM.attributes
                0x000005ee       0x34 /usr/lib/gcc/arm-none-eabi/4.9.3/../../../arm-none-eabi/lib/armv7e-m/fpu/libc_nano.a(lib_a-atoi.o)
 .ARM.attributes
                0x00000622       0x34 /usr/lib/gcc/arm-none-eabi/4.9.3/../../../arm-none-eabi/lib/armv7e-m/fpu/libc_nano.a(lib_a-ctype_.o)
 .ARM.attributes
                0x00000656       0x34 /usr/lib/gcc/arm-none-eabi/4.9.3/../../../arm-none-eabi/lib/armv7e-m/fpu/libc_nano.a(lib_a-strtok.o)
 .ARM.attributes
                0x0000068a       0x34 /usr/lib/gcc/arm-none-eabi/4.9.3/../../../arm-none-eabi/lib/armv7e-m/fpu/libc_nano.a(lib_a-strtok_r.o)
 .ARM.attributes
                0x000006be       0x34 /usr/lib/gcc/arm-none-eabi/4.9.3/../../../arm-none-eabi/lib/armv7e-m/fpu/libc_nano.a(lib_a-strtol.o)
 .ARM.attributes
                0x000006f2       0x34 /usr/lib/gcc/arm-none-eabi/4.9.3/../../../arm-none-eabi/lib/armv7e-m/fpu/libc_nano.a(lib_a-impure.o)
 .ARM.attributes
                0x00000726       0x34 /usr/lib/gcc/arm-none-eabi/4.9.3/../../../arm-none-eabi/lib/armv7e-m/fpu/libc_nano.a(lib_a-malloc.o)
 .ARM.attributes
                0x0000075a       0x34 /usr/lib/gcc/arm-none-eabi/4.9.3/../../../arm-none-eabi/lib/armv7e-m/fpu/libc_nano.a(lib_a-nano-mallocr.o)
 .ARM.attributes
                0x0000078e       0x34 /usr/lib/gcc/arm-none-eabi/4.9.3/../../../arm-none-eabi/lib/armv7e-m/fpu/libc_nano.a(lib_a-sbrkr.o)
 .ARM.attributes
                0x000007c2       0x34 /usr/lib/gcc/arm-none-eabi/4.9.3/../../../arm-none-eabi/lib/armv7e-m/fpu/libc_nano.a(lib_a-reent.o)
 .ARM.attributes
                0x000007f6       0x34 /usr/lib/gcc/arm-none-eabi/4.9.3/../../../arm-none-eabi/lib/armv7e-m/fpu/libnosys.a(sbrk.o)
 .ARM.attributes
                0x0000082a       0x34 /usr/lib/gcc/arm-none-eabi/4.9.3/../../../arm-none-eabi/lib/armv7e-m/fpu/libm.a(lib_a-sf_lrint.o)
 .ARM.attributes
                0x0000085e       0x34 /usr/lib/gcc/arm-none-eabi/4.9.3/../../../arm-none-eabi/lib/armv7e-m/fpu/libm.a(lib_a-sf_tan.o)
 .ARM.attributes
                0x00000892       0x34 /usr/lib/gcc/arm-none-eabi/4.9.3/../../../arm-none-eabi/lib/armv7e-m/fpu/libm.a(lib_a-wf_pow.o)
 .ARM.attributes
                0x000008c6       0x34 /usr/lib/gcc/arm-none-eabi/4.9.3/../../../arm-none-eabi/lib/armv7e-m/fpu/libm.a(lib_a-wf_sqrt.o)
 .ARM.attributes
                0x000008fa       0x34 /usr/lib/gcc/arm-none-eabi/4.9.3/../../../arm-none-eabi/lib/armv7e-m/fpu/libm.a(lib_a-ef_pow.o)
 .ARM.attributes
                0x0000092e       0x34 /usr/lib/gcc/arm-none-eabi/4.9.3/../../../arm-none-eabi/lib/armv7e-m/fpu/libm.a(lib_a-ef_rem_pio2.o)
 .ARM.attributes
                0x00000962       0x34 /usr/lib/gcc/arm-none-eabi/4.9.3/../../../arm-none-eabi/lib/armv7e-m/fpu/libm.a(lib_a-ef_sqrt.o)
 .ARM.attributes
                0x00000996       0x34 /usr/lib/gcc/arm-none-eabi/4.9.3/../../../arm-none-eabi/lib/armv7e-m/fpu/libm.a(lib_a-kf_rem_pio2.o)
 .ARM.attributes
                0x000009ca       0x34 /usr/lib/gcc/arm-none-eabi/4.9.3/../../../arm-none-eabi/lib/armv7e-m/fpu/libm.a(lib_a-kf_tan.o)
 .ARM.attributes
                0x000009fe       0x34 /usr/lib/gcc/arm-none-eabi/4.9.3/../../../arm-none-eabi/lib/armv7e-m/fpu/libm.a(lib_a-s_lib_ver.o)
 .ARM.attributes
                0x00000a32       0x34 /usr/lib/gcc/arm-none-eabi/4.9.3/../../../arm-none-eabi/lib/armv7e-m/fpu/libm.a(lib_a-s_matherr.o)
 .ARM.attributes
                0x00000a66       0x34 /usr/lib/gcc/arm-none-eabi/4.9.3/../../../arm-none-eabi/lib/armv7e-m/fpu/libm.a(lib_a-s_rint.o)
 .ARM.attributes
                0x00000a9a       0x34 /usr/lib/gcc/arm-none-eabi/4.9.3/../../../arm-none-eabi/lib/armv7e-m/fpu/libm.a(lib_a-sf_fabs.o)
 .ARM.attributes
                0x00000ace       0x34 /usr/lib/gcc/arm-none-eabi/4.9.3/../../../arm-none-eabi/lib/armv7e-m/fpu/libm.a(lib_a-sf_finite.o)
 .ARM.attributes
                0x00000b02       0x34 /usr/lib/gcc/arm-none-eabi/4.9.3/../../../arm-none-eabi/lib/armv7e-m/fpu/libm.a(lib_a-sf_floor.o)
 .ARM.attributes
                0x00000b36       0x34 /usr/lib/gcc/arm-none-eabi/4.9.3/../../../arm-none-eabi/lib/armv7e-m/fpu/libm.a(lib_a-sf_fpclassify.o)
 .ARM.attributes
                0x00000b6a       0x34 /usr/lib/gcc/arm-none-eabi/4.9.3/../../../arm-none-eabi/lib/armv7e-m/fpu/libm.a(lib_a-sf_nan.o)
 .ARM.attributes
                0x00000b9e       0x34 /usr/lib/gcc/arm-none-eabi/4.9.3/../../../arm-none-eabi/lib/armv7e-m/fpu/libm.a(lib_a-sf_scalbn.o)
 .ARM.attributes
                0x00000bd2       0x34 /usr/lib/gcc/arm-none-eabi/4.9.3/../../../arm-none-eabi/lib/armv7e-m/fpu/libm.a(lib_a-sf_copysign.o)
 .ARM.attributes
                0x00000c06       0x34 /usr/lib/gcc/arm-none-eabi/4.9.3/../../../arm-none-eabi/lib/armv7e-m/fpu/libc_nano.a(lib_a-errno.o)
 .ARM.attributes
                0x00000c3a       0x34 /usr/lib/gcc/arm-none-eabi/4.9.3/../../../arm-none-eabi/lib/armv7e-m/fpu/libc_nano.a(lib_a-memcmp.o)
 .ARM.attributes
                0x00000c6e       0x34 /usr/lib/gcc/arm-none-eabi/4.9.3/../../../arm-none-eabi/lib/armv7e-m/fpu/libc_nano.a(lib_a-memcpy.o)
 .ARM.attributes
                0x00000ca2       0x34 /usr/lib/gcc/arm-none-eabi/4.9.3/../../../arm-none-eabi/lib/armv7e-m/fpu/libc_nano.a(lib_a-memset.o)
 .ARM.attributes
                0x00000cd6       0x34 /usr/lib/gcc/arm-none-eabi/4.9.3/../../../arm-none-eabi/lib/armv7e-m/fpu/libc_nano.a(lib_a-strcasecmp.o)
 .ARM.attributes